Component: ARM Compiler 5.06 update 7 (build 960) Tool: armlink [4d3601]

==============================================================================

Section Cross References

    main.o(i.Hardware_Init) refers to misc.o(i.NVIC_PriorityGroupConfig) for NVIC_PriorityGroupConfig
    main.o(i.Hardware_Init) refers to delay.o(i.Delay_Init) for Delay_Init
    main.o(i.Hardware_Init) refers to led.o(i.LED_Init) for LED_Init
    main.o(i.Hardware_Init) refers to key.o(i.key_init) for key_init
    main.o(i.Hardware_Init) refers to usart.o(i.uart1_Init) for uart1_Init
    main.o(i.Hardware_Init) refers to usart.o(i.uart2_Init) for uart2_Init
    main.o(i.Hardware_Init) refers to beep.o(i.Beep_Init) for Beep_Init
    main.o(i.Hardware_Init) refers to dht11.o(i.DHT11_INIT) for DHT11_INIT
    main.o(i.Hardware_Init) refers to bh1750.o(i.BH1750_Init) for BH1750_Init
    main.o(i.Hardware_Init) refers to bh1750.o(i.BH1750_Data_Send) for BH1750_Data_Send
    main.o(i.Hardware_Init) refers to oled.o(i.OLED_Init) for OLED_Init
    main.o(i.Hardware_Init) refers to oled.o(i.OLED_ON) for OLED_ON
    main.o(i.Hardware_Init) refers to usart.o(i.UsartPrintf) for UsartPrintf
    main.o(i.main) refers to _printf_percent.o(.ARM.Collect$$_printf_percent$$00000000) for _printf_percent
    main.o(i.main) refers to _printf_d.o(.ARM.Collect$$_printf_percent$$00000009) for _printf_d
    main.o(i.main) refers to _printf_dec.o(.text) for _printf_int_dec
    main.o(i.main) refers to main.o(i.Hardware_Init) for Hardware_Init
    main.o(i.main) refers to fire.o(i.FIRE_CONFIG) for FIRE_CONFIG
    main.o(i.main) refers to esp8266.o(i.ESP8266_Init) for ESP8266_Init
    main.o(i.main) refers to delay.o(i.DelayXms) for DelayXms
    main.o(i.main) refers to onenet.o(i.OneNet_DevLink) for OneNet_DevLink
    main.o(i.main) refers to onenet.o(i.OneNet_Subscribe) for OneNet_Subscribe
    main.o(i.main) refers to stm32f10x_gpio.o(i.GPIO_ReadOutputDataBit) for GPIO_ReadOutputDataBit
    main.o(i.main) refers to oled.o(i.OLED_ShowString) for OLED_ShowString
    main.o(i.main) refers to bh1750.o(i.BH1750_Data_Read) for BH1750_Data_Read
    main.o(i.main) refers to fflt_clz.o(x$fpl$ffltu) for __aeabi_ui2f
    main.o(i.main) refers to f2d.o(x$fpl$f2d) for __aeabi_f2d
    main.o(i.main) refers to ddiv.o(x$fpl$ddiv) for __aeabi_ddiv
    main.o(i.main) refers to d2f.o(x$fpl$d2f) for __aeabi_d2f
    main.o(i.main) refers to ffixu.o(x$fpl$ffixu) for __aeabi_f2uiz
    main.o(i.main) refers to usart.o(i.UsartPrintf) for UsartPrintf
    main.o(i.main) refers to oled.o(i.OLED_ShowNum) for OLED_ShowNum
    main.o(i.main) refers to dht11.o(i.Read_DHT_Data) for Read_DHT_Data
    main.o(i.main) refers to delay.o(i.Delay_ms) for Delay_ms
    main.o(i.main) refers to key.o(i.key_scan) for key_scan
    main.o(i.main) refers to led.o(i.LED1_Turn) for LED1_Turn
    main.o(i.main) refers to beep.o(i.BEEP_Turn) for BEEP_Turn
    main.o(i.main) refers to beep.o(i.BEEP_ON) for BEEP_ON
    main.o(i.main) refers to beep.o(i.BEEP_OFF) for BEEP_OFF
    main.o(i.main) refers to frleqf.o(x$fpl$frleqf) for __aeabi_cfrcmple
    main.o(i.main) refers to led.o(i.LED1_ON) for LED1_ON
    main.o(i.main) refers to led.o(i.LED1_OFF) for LED1_OFF
    main.o(i.main) refers to __2sprintf.o(.text) for __2sprintf
    main.o(i.main) refers to onenet.o(i.OneNet_Publish) for OneNet_Publish
    main.o(i.main) refers to esp8266.o(i.ESP8266_Clear) for ESP8266_Clear
    main.o(i.main) refers to esp8266.o(i.ESP8266_GetIPD) for ESP8266_GetIPD
    main.o(i.main) refers to onenet.o(i.OneNet_RevPro) for OneNet_RevPro
    main.o(i.main) refers to main.o(.data) for topics
    main.o(i.main) refers to main.o(.bss) for PUB_BUF
    main.o(i.main) refers to main.o(.constdata) for pub_topics
    main.o(.data) refers to main.o(.conststring) for .conststring
    startup_stm32f10x_md.o(STACK) refers (Special) to heapauxi.o(.text) for __use_two_region_memory
    startup_stm32f10x_md.o(HEAP) refers (Special) to heapauxi.o(.text) for __use_two_region_memory
    startup_stm32f10x_md.o(RESET) refers (Special) to heapauxi.o(.text) for __use_two_region_memory
    startup_stm32f10x_md.o(RESET) refers to startup_stm32f10x_md.o(STACK) for __initial_sp
    startup_stm32f10x_md.o(RESET) refers to startup_stm32f10x_md.o(.text) for Reset_Handler
    startup_stm32f10x_md.o(RESET) refers to stm32f10x_it.o(i.NMI_Handler) for NMI_Handler
    startup_stm32f10x_md.o(RESET) refers to stm32f10x_it.o(i.HardFault_Handler) for HardFault_Handler
    startup_stm32f10x_md.o(RESET) refers to stm32f10x_it.o(i.MemManage_Handler) for MemManage_Handler
    startup_stm32f10x_md.o(RESET) refers to stm32f10x_it.o(i.BusFault_Handler) for BusFault_Handler
    startup_stm32f10x_md.o(RESET) refers to stm32f10x_it.o(i.UsageFault_Handler) for UsageFault_Handler
    startup_stm32f10x_md.o(RESET) refers to stm32f10x_it.o(i.SVC_Handler) for SVC_Handler
    startup_stm32f10x_md.o(RESET) refers to stm32f10x_it.o(i.DebugMon_Handler) for DebugMon_Handler
[...]
    DMA1_Channel4_IRQHandler                 0x0800029f   Thumb Code     0  startup_stm32f10x_md.o(.text)
    DMA1_Channel5_IRQHandler                 0x0800029f   Thumb Code     0  startup_stm32f10x_md.o(.text)
    DMA1_Channel6_IRQHandler                 0x0800029f   Thumb Code     0  startup_stm32f10x_md.o(.text)
    DMA1_Channel7_IRQHandler                 0x0800029f   Thumb Code     0  startup_stm32f10x_md.o(.text)
    EXTI0_IRQHandler                         0x0800029f   Thumb Code     0  startup_stm32f10x_md.o(.text)
    EXTI1_IRQHandler                         0x0800029f   Thumb Code     0  startup_stm32f10x_md.o(.text)
    EXTI2_IRQHandler                         0x0800029f   Thumb Code     0  startup_stm32f10x_md.o(.text)
    EXTI3_IRQHandler                         0x0800029f   Thumb Code     0  startup_stm32f10x_md.o(.text)
    EXTI4_IRQHandler                         0x0800029f   Thumb Code     0  startup_stm32f10x_md.o(.text)
    EXTI9_5_IRQHandler                       0x0800029f   Thumb Code     0  startup_stm32f10x_md.o(.text)
    FLASH_IRQHandler                         0x0800029f   Thumb Code     0  startup_stm32f10x_md.o(.text)
    I2C1_ER_IRQHandler                       0x0800029f   Thumb Code     0  startup_stm32f10x_md.o(.text)
    I2C1_EV_IRQHandler                       0x0800029f   Thumb Code     0  startup_stm32f10x_md.o(.text)
    I2C2_ER_IRQHandler                       0x0800029f   Thumb Code     0  startup_stm32f10x_md.o(.text)
    I2C2_EV_IRQHandler                       0x0800029f   Thumb Code     0  startup_stm32f10x_md.o(.text)
    PVD_IRQHandler                           0x0800029f   Thumb Code     0  startup_stm32f10x_md.o(.text)
    RCC_IRQHandler                           0x0800029f   Thumb Code     0  startup_stm32f10x_md.o(.text)
    RTCAlarm_IRQHandler                      0x0800029f   Thumb Code     0  startup_stm32f10x_md.o(.text)
    RTC_IRQHandler                           0x0800029f   Thumb Code     0  startup_stm32f10x_md.o(.text)
    SPI1_IRQHandler                          0x0800029f   Thumb Code     0  startup_stm32f10x_md.o(.text)
    SPI2_IRQHandler                          0x0800029f   Thumb Code     0  startup_stm32f10x_md.o(.text)
    TAMPER_IRQHandler                        0x0800029f   Thumb Code     0  startup_stm32f10x_md.o(.text)
    TIM1_BRK_IRQHandler                      0x0800029f   Thumb Code     0  startup_stm32f10x_md.o(.text)
    TIM1_CC_IRQHandler                       0x0800029f   Thumb Code     0  startup_stm32f10x_md.o(.text)
    TIM1_TRG_COM_IRQHandler                  0x0800029f   Thumb Code     0  startup_stm32f10x_md.o(.text)
    TIM1_UP_IRQHandler                       0x0800029f   Thumb Code     0  startup_stm32f10x_md.o(.text)
    TIM2_IRQHandler                          0x0800029f   Thumb Code     0  startup_stm32f10x_md.o(.text)
    TIM3_IRQHandler                          0x0800029f   Thumb Code     0  startup_stm32f10x_md.o(.text)
    TIM4_IRQHandler                          0x0800029f   Thumb Code     0  startup_stm32f10x_md.o(.text)
    USART3_IRQHandler                        0x0800029f   Thumb Code     0  startup_stm32f10x_md.o(.text)
    USBWakeUp_IRQHandler                     0x0800029f   Thumb Code     0  startup_stm32f10x_md.o(.text)
    USB_HP_CAN1_TX_IRQHandler                0x0800029f   Thumb Code     0  startup_stm32f10x_md.o(.text)
    USB_LP_CAN1_RX0_IRQHandler               0x0800029f   Thumb Code     0  startup_stm32f10x_md.o(.text)
    WWDG_IRQHandler                          0x0800029f   Thumb Code     0  startup_stm32f10x_md.o(.text)
    __user_initial_stackheap                 0x080002a1   Thumb Code     0  startup_stm32f10x_md.o(.text)
    malloc                                   0x080002c5   Thumb Code    94  h1_alloc.o(.text)
    free                                     0x08000323   Thumb Code    78  h1_free.o(.text)
    realloc                                  0x08000371   Thumb Code   184  h1_realloc.o(.text)
    tolower                                  0x08000429   Thumb Code    26  tolower.o(.text)
    vsnprintf                                0x08000445   Thumb Code    48  vsnprintf.o(.text)
    __2sprintf                               0x08000479   Thumb Code    38  __2sprintf.o(.text)
    _printf_pre_padding                      0x080004a5   Thumb Code    44  _printf_pad.o(.text)
    _printf_post_padding                     0x080004d1   Thumb Code    34  _printf_pad.o(.text)
    _printf_str                              0x080004f3   Thumb Code    82  _printf_str.o(.text)
    _printf_int_dec                          0x08000545   Thumb Code   104  _printf_dec.o(.text)
    _printf_longlong_hex                     0x080005bd   Thumb Code    86  _printf_hex_int_ll_ptr.o(.text)
    _printf_int_hex                          0x08000613   Thumb Code    28  _printf_hex_int_ll_ptr.o(.text)
    _printf_ll_hex                           0x0800062f   Thumb Code    12  _printf_hex_int_ll_ptr.o(.text)
    _printf_hex_ptr                          0x0800063b   Thumb Code    18  _printf_hex_int_ll_ptr.o(.text)
    __printf                                 0x08000651   Thumb Code   388  __printf_flags_ss_wp.o(.text)
    atoi                                     0x080007d9   Thumb Code    26  atoi.o(.text)
    strchr                                   0x080007f3   Thumb Code    20  strchr.o(.text)
    strncat                                  0x08000807   Thumb Code    36  strncat.o(.text)
    strstr                                   0x0800082b   Thumb Code    36  strstr.o(.text)
    strlen                                   0x0800084f   Thumb Code    62  strlen.o(.text)
    strncmp                                  0x0800088d   Thumb Code   150  strncmp.o(.text)
    __aeabi_memcpy                           0x08000923   Thumb Code     0  rt_memcpy_v6.o(.text)
    __rt_memcpy                              0x08000923   Thumb Code   138  rt_memcpy_v6.o(.text)
    _memcpy_lastbytes                        0x08000989   Thumb Code     0  rt_memcpy_v6.o(.text)
    __aeabi_memcpy4                          0x080009ad   Thumb Code     0  rt_memcpy_w.o(.text)
    __aeabi_memcpy8                          0x080009ad   Thumb Code     0  rt_memcpy_w.o(.text)
    __rt_memcpy_w                            0x080009ad   Thumb Code   100  rt_memcpy_w.o(.text)
    _memcpy_lastbytes_aligned                0x080009f5   Thumb Code     0  rt_memcpy_w.o(.text)
    __aeabi_memclr                           0x08000a11   Thumb Code     0  rt_memclr.o(.text)
    __rt_memclr                              0x08000a11   Thumb Code    68  rt_memclr.o(.text)
    _memset                                  0x08000a15   Thumb Code     0  rt_memclr.o(.text)
    __aeabi_memclr4                          0x08000a55   Thumb Code     0  rt_memclr_w.o(.text)
    __aeabi_memclr8                          0x08000a55   Thumb Code     0  rt_memclr_w.o(.text)
    __rt_memclr_w                            0x08000a55   Thumb Code    78  rt_memclr_w.o(.text)
    _memset_w                                0x08000a59   Thumb Code     0  rt_memclr_w.o(.text)
    strcmp                                   0x08000aa5   Thumb Code   128  strcmpv7m.o(.text)
    __use_two_region_memory                  0x08000b25   Thumb Code     2  heapauxi.o(.text)
    __rt_heap_escrow                         0x08000b27   Thumb Code     2  heapauxi.o(.text)
    __rt_heap_expand                         0x08000b29   Thumb Code     2  heapauxi.o(.text)
    __rt_ctype_table                         0x08000b2d   Thumb Code    16  rt_ctype_table.o(.text)
    __rt_heap_descriptor                     0x08000b3d   Thumb Code     8  rt_heap_descriptor_intlibspace.o(.text)
    __aeabi_errno_addr                       0x08000b45   Thumb Code     8  rt_errno_addr_intlibspace.o(.text)
    __errno$intlibspace                      0x08000b45   Thumb Code     0  rt_errno_addr_intlibspace.o(.text)
    __rt_errno_addr$intlibspace              0x08000b45   Thumb Code     0  rt_errno_addr_intlibspace.o(.text)
    __use_no_heap                            0x08000b4d   Thumb Code     2  hguard.o(.text)
    __heap$guard                             0x08000b4f   Thumb Code     2  hguard.o(.text)
    _terminate_user_alloc                    0x08000b51   Thumb Code     2  init_alloc.o(.text)
    _init_user_alloc                         0x08000b53   Thumb Code     2  init_alloc.o(.text)
    __Heap_Full                              0x08000b55   Thumb Code    34  init_alloc.o(.text)
    __Heap_Broken                            0x08000b77   Thumb Code     6  init_alloc.o(.text)
    _init_alloc                              0x08000b7d   Thumb Code    94  init_alloc.o(.text)
    __Heap_Initialize                        0x08000bdb   Thumb Code    10  h1_init.o(.text)
    __Heap_DescSize                          0x08000be5   Thumb Code     4  h1_init.o(.text)
    _printf_truncate_signed                  0x08000be9   Thumb Code    18  _printf_truncate.o(.text)
    _printf_truncate_unsigned                0x08000bfb   Thumb Code    18  _printf_truncate.o(.text)
    _printf_int_common                       0x08000c0d   Thumb Code   178  _printf_intcommon.o(.text)
    _printf_charcount                        0x08000cbf   Thumb Code    40  _printf_charcount.o(.text)
    __lib_sel_fp_printf                      0x08000ce7   Thumb Code     2  _printf_fp_dec.o(.text)
    _printf_fp_dec_real                      0x08000e99   Thumb Code   620  _printf_fp_dec.o(.text)
    _printf_char_common                      0x0800110f   Thumb Code    32  _printf_char_common.o(.text)
    _sputc                                   0x08001135   Thumb Code    10  _sputc.o(.text)
    _snputc                                  0x0800113f   Thumb Code    16  _snputc.o(.text)
    _printf_cs_common                        0x0800114f   Thumb Code    20  _printf_char.o(.text)
    _printf_char                             0x08001163   Thumb Code    16  _printf_char.o(.text)
    _printf_string                           0x08001173   Thumb Code     8  _printf_char.o(.text)
    _printf_wctomb                           0x0800117d   Thumb Code   182  _printf_wctomb.o(.text)
    _printf_longlong_dec                     0x08001239   Thumb Code   108  _printf_longlong_dec.o(.text)
    _printf_longlong_oct                     0x080012b5   Thumb Code    66  _printf_oct_int_ll.o(.text)
    _printf_int_oct                          0x080012f7   Thumb Code    24  _printf_oct_int_ll.o(.text)
    _printf_ll_oct                           0x0800130f   Thumb Code    12  _printf_oct_int_ll.o(.text)
    _scanf_really_real                       0x08001571   Thumb Code   684  scanf_fp.o(.text)
    _sgetc                                   0x0800181d   Thumb Code    30  _sgetc.o(.text)
    _sbackspace                              0x0800183b   Thumb Code    34  _sgetc.o(.text)
    __strtod_int                             0x08001899   Thumb Code    90  strtod.o(.text)
    strtol                                   0x08001901   Thumb Code   112  strtol.o(.text)
    __user_libspace                          0x08001971   Thumb Code     8  libspace.o(.text)
    __user_perproc_libspace                  0x08001971   Thumb Code     0  libspace.o(.text)
    __user_perthread_libspace                0x08001971   Thumb Code     0  libspace.o(.text)
    __rt_locale                              0x08001979   Thumb Code     8  rt_locale_intlibspace.o(.text)
    __Heap_ProvideMemory                     0x08001981   Thumb Code    52  h1_extend.o(.text)
    _ll_udiv10                               0x080019b5   Thumb Code   138  lludiv10.o(.text)
    isspace                                  0x08001a3f   Thumb Code    18  isspace.o(.text)
    _printf_fp_hex_real                      0x08001a51   Thumb Code   756  _printf_fp_hex.o(.text)
    _printf_fp_infnan                        0x08001d4d   Thumb Code   112  _printf_fp_infnan.o(.text)
    _printf_lcs_common                       0x08001dcd   Thumb Code    20  _printf_wchar.o(.text)
    _printf_wchar                            0x08001de1   Thumb Code    16  _printf_wchar.o(.text)
    _printf_wstring                          0x08001df1   Thumb Code     8  _printf_wchar.o(.text)
    _strtoul                                 0x08001df9   Thumb Code   158  _strtoul.o(.text)
    _btod_etento                             0x08001e99   Thumb Code   224  bigflt0.o(.text)
    _wcrtomb                                 0x08001f7d   Thumb Code    64  _wcrtomb.o(.text)
    __rt_SIGRTMEM                            0x08001fbd   Thumb Code    14  defsig_rtmem_outer.o(.text)
    __I$use$semihosting                      0x08001fcb   Thumb Code     0  use_no_semi.o(.text)
    __use_no_semihosting_swi                 0x08001fcb   Thumb Code     2  use_no_semi.o(.text)
    __semihosting_library_function           0x08001fcd   Thumb Code     0  indicate_semi.o(.text)
    __user_setup_stackheap                   0x08001fcd   Thumb Code    74  sys_stackheap_outer.o(.text)
    __read_errno                             0x08002017   Thumb Code    10  _rserrno.o(.text)
    __set_errno                              0x08002021   Thumb Code    12  _rserrno.o(.text)
    _chval                                   0x0800202d   Thumb Code    28  _chval.o(.text)
    _scanf_really_hex_real                   0x08002049   Thumb Code   786  scanf_hexfp.o(.text)
    _scanf_really_infnan                     0x08002369   Thumb Code   292  scanf_infnan.o(.text)
    exit                                     0x0800249d   Thumb Code    18  exit.o(.text)
    __sig_exit                               0x080024af   Thumb Code    10  defsig_exit.o(.text)
    __rt_SIGRTMEM_inner                      0x080024b9   Thumb Code    22  defsig_rtmem_inner.o(.text)
    _sys_exit                                0x08002509   Thumb Code     8  sys_exit.o(.text)
    __aeabi_llsl                             0x08002515   Thumb Code     0  llshl.o(.text)
    _ll_shift_l                              0x08002515   Thumb Code    38  llshl.o(.text)
    __default_signal_display                 0x0800253b   Thumb Code    50  defsig_general.o(.text)
    _ttywrch                                 0x0800256d   Thumb Code    14  sys_wrch.o(.text)
    _btod_d2e                                0x0800257b   Thumb Code    62  btod.o(CL$$btod_d2e)
    _d2e_denorm_low                          0x080025b9   Thumb Code    70  btod.o(CL$$btod_d2e_denorm_low)
    _d2e_norm_op1                            0x080025ff   Thumb Code    96  btod.o(CL$$btod_d2e_norm_op1)
    __btod_div_common                        0x0800265f   Thumb Code   696  btod.o(CL$$btod_div_common)
    _e2d                                     0x08002999   Thumb Code   122  btod.o(CL$$btod_e2d)
    _e2e                                     0x08002a1d   Thumb Code   220  btod.o(CL$$btod_e2e)
    _btod_ediv                               0x08002af9   Thumb Code    42  btod.o(CL$$btod_ediv)
    _btod_edivd                              0x08002b23   Thumb Code    42  btod.o(CL$$btod_edivd)
    _btod_emul                               0x08002b4d   Thumb Code    42  btod.o(CL$$btod_emul)
    _btod_emuld                              0x08002b77   Thumb Code    42  btod.o(CL$$btod_emuld)
    __btod_mult_common                       0x08002ba1   Thumb Code   580  btod.o(CL$$btod_mult_common)
    BEEP_OFF                                 0x08002de5   Thumb Code    14  beep.o(i.BEEP_OFF)
    BEEP_ON                                  0x08002df9   Thumb Code    14  beep.o(i.BEEP_ON)
    BEEP_Turn                                0x08002e0d   Thumb Code    38  beep.o(i.BEEP_Turn)
    BH1750_Data_Read                         0x08002e39   Thumb Code    50  bh1750.o(i.BH1750_Data_Read)
    BH1750_Data_Send                         0x08002e6b   Thumb Code    40  bh1750.o(i.BH1750_Data_Send)
    BH1750_Init                              0x08002e95   Thumb Code    52  bh1750.o(i.BH1750_Init)
    BH_IIC_Ack                               0x08002ecd   Thumb Code    66  bh1750.o(i.BH_IIC_Ack)
    BH_IIC_NAck                              0x08002f1d   Thumb Code    66  bh1750.o(i.BH_IIC_NAck)
    BH_IIC_Read_Byte                         0x08002f6d   Thumb Code    98  bh1750.o(i.BH_IIC_Read_Byte)
    BH_IIC_Send_Byte                         0x08002fdd   Thumb Code   104  bh1750.o(i.BH_IIC_Send_Byte)
    BH_IIC_Start                             0x08003051   Thumb Code    64  bh1750.o(i.BH_IIC_Start)
    BH_IIC_Stop                              0x0800309d   Thumb Code    62  bh1750.o(i.BH_IIC_Stop)
    BH_IIC_Wait_Ack                          0x080030e9   Thumb Code    86  bh1750.o(i.BH_IIC_Wait_Ack)
    Beep_Init                                0x0800314d   Thumb Code    40  beep.o(i.Beep_Init)
    BusFault_Handler                         0x08003179   Thumb Code     4  stm32f10x_it.o(i.BusFault_Handler)
    DHT11_Check                              0x0800317d   Thumb Code    74  dht11.o(i.DHT11_Check)
    DHT11_INIT                               0x080031cd   Thumb Code    12  dht11.o(i.DHT11_INIT)
    DHT11_IO_IN                              0x080031d9   Thumb Code    42  dht11.o(i.DHT11_IO_IN)
    DHT11_IO_OUT                             0x0800320d   Thumb Code    48  dht11.o(i.DHT11_IO_OUT)
    DHT11_Read_Bit                           0x08003245   Thumb Code    70  dht11.o(i.DHT11_Read_Bit)
    DHT11_Read_Byte                          0x08003291   Thumb Code    30  dht11.o(i.DHT11_Read_Byte)
    DHT11_Rst                                0x080032b1   Thumb Code    34  dht11.o(i.DHT11_Rst)
    DebugMon_Handler                         0x080032dd   Thumb Code     2  stm32f10x_it.o(i.DebugMon_Handler)
    DelayXms                                 0x080032e1   Thumb Code    66  delay.o(i.DelayXms)
    Delay_Init                               0x08003329   Thumb Code    48  delay.o(i.Delay_Init)
    Delay_ms                                 0x08003361   Thumb Code    24  delay.o(i.Delay_ms)
    Delay_us                                 0x08003379   Thumb Code    46  delay.o(i.Delay_us)
    ESP8266_Clear                            0x080033a9   Thumb Code    18  esp8266.o(i.ESP8266_Clear)
    ESP8266_GetIPD                           0x080033c5   Thumb Code    66  esp8266.o(i.ESP8266_GetIPD)
    ESP8266_Init                             0x08003415   Thumb Code   274  esp8266.o(i.ESP8266_Init)
    ESP8266_SendCmd                          0x08003611   Thumb Code    76  esp8266.o(i.ESP8266_SendCmd)
    ESP8266_SendData                         0x08003665   Thumb Code    46  esp8266.o(i.ESP8266_SendData)
    ESP8266_WaitRecive                       0x080036ad   Thumb Code    42  esp8266.o(i.ESP8266_WaitRecive)
    EXTI15_10_IRQHandler                     0x080036e1   Thumb Code    38  fire.o(i.EXTI15_10_IRQHandler)
    EXTI_ClearITPendingBit                   0x0800370d   Thumb Code     6  stm32f10x_exti.o(i.EXTI_ClearITPendingBit)
    EXTI_GetITStatus                         0x08003719   Thumb Code    34  stm32f10x_exti.o(i.EXTI_GetITStatus)
    EXTI_Init                                0x08003741   Thumb Code   142  stm32f10x_exti.o(i.EXTI_Init)
    FIRE_CONFIG                              0x080037d5   Thumb Code   112  fire.o(i.FIRE_CONFIG)
    GPIO_EXTILineConfig                      0x08003849   Thumb Code    60  stm32f10x_gpio.o(i.GPIO_EXTILineConfig)
    GPIO_Init                                0x08003889   Thumb Code   278  stm32f10x_gpio.o(i.GPIO_Init)
    GPIO_PinRemapConfig                      0x080039a1   Thumb Code   138  stm32f10x_gpio.o(i.GPIO_PinRemapConfig)
    GPIO_ReadInputDataBit                    0x08003a31   Thumb Code    18  stm32f10x_gpio.o(i.GPIO_ReadInputDataBit)
    GPIO_ReadOutputDataBit                   0x08003a43   Thumb Code    18  stm32f10x_gpio.o(i.GPIO_ReadOutputDataBit)
    GPIO_ResetBits                           0x08003a55   Thumb Code     4  stm32f10x_gpio.o(i.GPIO_ResetBits)
    GPIO_SetBits                             0x08003a59   Thumb Code     4  stm32f10x_gpio.o(i.GPIO_SetBits)
    GPIO_WriteBit                            0x08003a5d   Thumb Code    10  stm32f10x_gpio.o(i.GPIO_WriteBit)
    HardFault_Handler                        0x08003a67   Thumb Code     4  stm32f10x_it.o(i.HardFault_Handler)
    Hardware_Init                            0x08003a6d   Thumb Code    80  main.o(i.Hardware_Init)
    LED1_OFF                                 0x08003ad5   Thumb Code    12  led.o(i.LED1_OFF)
    LED1_ON                                  0x08003ae5   Thumb Code    12  led.o(i.LED1_ON)
    LED1_Turn                                0x08003af5   Thumb Code    32  led.o(i.LED1_Turn)
    LED_Init                                 0x08003b19   Thumb Code    46  led.o(i.LED_Init)
    MQTT_DeleteBuffer                        0x08003b4d   Thumb Code    28  mqttkit.o(i.MQTT_DeleteBuffer)
    MQTT_DumpLength                          0x08003b69   Thumb Code    46  mqttkit.o(i.MQTT_DumpLength)
    MQTT_NewBuffer                           0x08003b97   Thumb Code    88  mqttkit.o(i.MQTT_NewBuffer)
    MQTT_PacketConnect                       0x08003bf1   Thumb Code   666  mqttkit.o(i.MQTT_PacketConnect)
    MQTT_PacketPublish                       0x08003e91   Thumb Code   440  mqttkit.o(i.MQTT_PacketPublish)
    MQTT_PacketPublishComp                   0x08004049   Thumb Code    72  mqttkit.o(i.MQTT_PacketPublishComp)
    MQTT_PacketPublishRel                    0x08004091   Thumb Code    72  mqttkit.o(i.MQTT_PacketPublishRel)
    MQTT_PacketSubscribe                     0x080040d9   Thumb Code   254  mqttkit.o(i.MQTT_PacketSubscribe)
    MQTT_ReadLength                          0x080041d7   Thumb Code    70  mqttkit.o(i.MQTT_ReadLength)
    MQTT_UnPacketCmd                         0x0800421d   Thumb Code   140  mqttkit.o(i.MQTT_UnPacketCmd)
    MQTT_UnPacketConnectAck                  0x080042a9   Thumb Code    30  mqttkit.o(i.MQTT_UnPacketConnectAck)
    MQTT_UnPacketPublish                     0x080042c9   Thumb Code   438  mqttkit.o(i.MQTT_UnPacketPublish)
    MQTT_UnPacketPublishAck                  0x08004489   Thumb Code    30  mqttkit.o(i.MQTT_UnPacketPublishAck)
    MQTT_UnPacketPublishComp                 0x080044a7   Thumb Code    30  mqttkit.o(i.MQTT_UnPacketPublishComp)
    MQTT_UnPacketPublishRec                  0x080044c5   Thumb Code    30  mqttkit.o(i.MQTT_UnPacketPublishRec)
    MQTT_UnPacketPublishRel                  0x080044e3   Thumb Code    36  mqttkit.o(i.MQTT_UnPacketPublishRel)
    MQTT_UnPacketRecv                        0x08004509   Thumb Code   106  mqttkit.o(i.MQTT_UnPacketRecv)
    MQTT_UnPacketSubscribe                   0x0800457d   Thumb Code    52  mqttkit.o(i.MQTT_UnPacketSubscribe)
    MQTT_UnPacketUnSubscribe                 0x080045b1   Thumb Code    18  mqttkit.o(i.MQTT_UnPacketUnSubscribe)
    MemManage_Handler                        0x080045c3   Thumb Code     4  stm32f10x_it.o(i.MemManage_Handler)
    NMI_Handler                              0x080045c7   Thumb Code     2  stm32f10x_it.o(i.NMI_Handler)
    NVIC_Init                                0x080045c9   Thumb Code   100  misc.o(i.NVIC_Init)
    NVIC_PriorityGroupConfig                 0x08004639   Thumb Code    10  misc.o(i.NVIC_PriorityGroupConfig)
    OLED_Clear                               0x0800464d   Thumb Code    42  oled.o(i.OLED_Clear)
    OLED_I2C_Init                            0x08004679   Thumb Code    76  oled.o(i.OLED_I2C_Init)
    OLED_I2C_SendByte                        0x080046c9   Thumb Code    80  oled.o(i.OLED_I2C_SendByte)
    OLED_I2C_Start                           0x0800471d   Thumb Code    48  oled.o(i.OLED_I2C_Start)
    OLED_I2C_Stop                            0x08004751   Thumb Code    36  oled.o(i.OLED_I2C_Stop)
    OLED_Init                                0x08004779   Thumb Code   174  oled.o(i.OLED_Init)
    OLED_ON                                  0x08004829   Thumb Code   220  oled.o(i.OLED_ON)
    OLED_Pow                                 0x08004915   Thumb Code    20  oled.o(i.OLED_Pow)
    OLED_SetCursor                           0x08004929   Thumb Code    34  oled.o(i.OLED_SetCursor)
    OLED_Set_Pos                             0x0800494b   Thumb Code    40  oled.o(i.OLED_Set_Pos)
    OLED_ShowCHinese                         0x08004975   Thumb Code    98  oled.o(i.OLED_ShowCHinese)
    OLED_ShowChar                            0x080049dd   Thumb Code   110  oled.o(i.OLED_ShowChar)
    OLED_ShowNum                             0x08004a51   Thumb Code    68  oled.o(i.OLED_ShowNum)
    OLED_ShowString                          0x08004a95   Thumb Code    40  oled.o(i.OLED_ShowString)
    OLED_WR_Byte                             0x08004abd   Thumb Code    24  oled.o(i.OLED_WR_Byte)
    OLED_WriteCommand                        0x08004ad5   Thumb Code    32  oled.o(i.OLED_WriteCommand)
    OLED_WriteData                           0x08004af5   Thumb Code    32  oled.o(i.OLED_WriteData)
    OneNet_DevLink                           0x08004b15   Thumb Code   212  onenet.o(i.OneNet_DevLink)
    OneNet_Publish                           0x08004d3d   Thumb Code    88  onenet.o(i.OneNet_Publish)
    OneNet_RevPro                            0x08004db9   Thumb Code   624  onenet.o(i.OneNet_RevPro)
    OneNet_Subscribe                         0x080051e9   Thumb Code    80  onenet.o(i.OneNet_Subscribe)
    PendSV_Handler                           0x08005255   Thumb Code     2  stm32f10x_it.o(i.PendSV_Handler)
    RCC_APB1PeriphClockCmd                   0x08005259   Thumb Code    26  stm32f10x_rcc.o(i.RCC_APB1PeriphClockCmd)
    RCC_APB2PeriphClockCmd                   0x08005279   Thumb Code    26  stm32f10x_rcc.o(i.RCC_APB2PeriphClockCmd)
    RCC_GetClocksFreq                        0x08005299   Thumb Code   192  stm32f10x_rcc.o(i.RCC_GetClocksFreq)
    Read_DHT_Data                            0x0800536d   Thumb Code   100  dht11.o(i.Read_DHT_Data)
    SVC_Handler                              0x080053d1   Thumb Code     2  stm32f10x_it.o(i.SVC_Handler)
    SysTick_Handler                          0x080054bd   Thumb Code     2  stm32f10x_it.o(i.SysTick_Handler)
    SystemInit                               0x080054c1   Thumb Code    78  system_stm32f10x.o(i.SystemInit)
    USART1_IRQHandler                        0x08005521   Thumb Code    24  usart.o(i.USART1_IRQHandler)
    USART2_IRQHandler                        0x0800553d   Thumb Code    62  esp8266.o(i.USART2_IRQHandler)
    USART_ClearFlag                          0x08005589   Thumb Code    18  stm32f10x_usart.o(i.USART_ClearFlag)
    USART_Cmd                                0x0800559b   Thumb Code    24  stm32f10x_usart.o(i.USART_Cmd)
    USART_GetFlagStatus                      0x080055b3   Thumb Code    26  stm32f10x_usart.o(i.USART_GetFlagStatus)
    USART_GetITStatus                        0x080055cd   Thumb Code    84  stm32f10x_usart.o(i.USART_GetITStatus)
    USART_ITConfig                           0x08005621   Thumb Code    74  stm32f10x_usart.o(i.USART_ITConfig)
    USART_Init                               0x0800566d   Thumb Code   210  stm32f10x_usart.o(i.USART_Init)
    USART_SendData                           0x08005745   Thumb Code     8  stm32f10x_usart.o(i.USART_SendData)
    UsageFault_Handler                       0x0800574d   Thumb Code     4  stm32f10x_it.o(i.UsageFault_Handler)
    UsartPrintf                              0x08005751   Thumb Code    72  usart.o(i.UsartPrintf)
    Usart_SendString                         0x08005799   Thumb Code    50  usart.o(i.Usart_SendString)
    __ARM_fpclassify                         0x080057cb   Thumb Code    40  fpclassify.o(i.__ARM_fpclassify)
    __mathlib_dbl_overflow                   0x080057f3   Thumb Code    14  dunder.o(i.__mathlib_dbl_overflow)
    __mathlib_dbl_underflow                  0x08005801   Thumb Code    10  dunder.o(i.__mathlib_dbl_underflow)
    __mathlib_narrow                         0x08005811   Thumb Code    16  narrow.o(i.__mathlib_narrow)
    __mathlib_tofloat                        0x08005821   Thumb Code   184  narrow.o(i.__mathlib_tofloat)
    __support_ldexp                          0x080058dd   Thumb Code    22  ldexp.o(i.__support_ldexp)
    _is_digit                                0x080058f3   Thumb Code    14  __printf_wp.o(i._is_digit)
    cJSON_Delete                             0x08005949   Thumb Code    84  cjson.o(i.cJSON_Delete)
    cJSON_GetErrorPtr                        0x080059a1   Thumb Code    12  cjson.o(i.cJSON_GetErrorPtr)
    cJSON_GetObjectItem                      0x080059b1   Thumb Code    18  cjson.o(i.cJSON_GetObjectItem)
    cJSON_Parse                              0x080059dd   Thumb Code    16  cjson.o(i.cJSON_Parse)
    cJSON_ParseWithLengthOpts                0x080059ed   Thumb Code   204  cjson.o(i.cJSON_ParseWithLengthOpts)
    cJSON_ParseWithOpts                      0x08005ac1   Thumb Code    40  cjson.o(i.cJSON_ParseWithOpts)
    frexp                                    0x08005b31   Thumb Code    80  frexp.o(i.frexp)
    key_init                                 0x08005be1   Thumb Code    62  key.o(i.key_init)
    key_scan                                 0x08005c29   Thumb Code   138  key.o(i.key_scan)
    ldexp                                    0x08005cc1   Thumb Code   116  ldexp.o(i.ldexp)
    main                                     0x08005d35   Thumb Code   484  main.o(i.main)
    strtod                                   0x08006681   Thumb Code    28  strtod.o(i.strtod)
    uart1_Init                               0x0800669d   Thumb Code   172  usart.o(i.uart1_Init)
    uart2_Init                               0x08006751   Thumb Code   162  usart.o(i.uart2_Init)
    _get_lc_ctype                            0x08006929   Thumb Code    44  lc_ctype_c.o(locale$$code)
    _get_lc_numeric                          0x08006955   Thumb Code    44  lc_numeric_c.o(locale$$code)
    __aeabi_d2f                              0x08006981   Thumb Code     0  d2f.o(x$fpl$d2f)
    _d2f                                     0x08006981   Thumb Code    98  d2f.o(x$fpl$d2f)
    __fpl_dcheck_NaN1                        0x080069e5   Thumb Code    10  dcheck1.o(x$fpl$dcheck1)
    __fpl_dcmp_Inf                           0x080069f5   Thumb Code    24  dcmpi.o(x$fpl$dcmpinf)
    __aeabi_ddiv                             0x08006a0d   Thumb Code     0  ddiv.o(x$fpl$ddiv)
    _ddiv                                    0x08006a0d   Thumb Code   552  ddiv.o(x$fpl$ddiv)
    __aeabi_cdcmpeq                          0x08006cbd   Thumb Code     0  deqf.o(x$fpl$deqf)
    _dcmpeq                                  0x08006cbd   Thumb Code   120  deqf.o(x$fpl$deqf)
    __aeabi_d2iz                             0x08006d35   Thumb Code     0  dfix.o(x$fpl$dfix)
    _dfix                                    0x08006d35   Thumb Code    94  dfix.o(x$fpl$dfix)
    __aeabi_cdcmple                          0x08006d95   Thumb Code     0  dleqf.o(x$fpl$dleqf)
    _dcmple                                  0x08006d95   Thumb Code   120  dleqf.o(x$fpl$dleqf)
    __fpl_dcmple_InfNaN                      0x08006df7   Thumb Code     0  dleqf.o(x$fpl$dleqf)
    __fpl_dnaninf                            0x08006e0d   Thumb Code   156  dnaninf.o(x$fpl$dnaninf)
    __fpl_dretinf                            0x08006ea9   Thumb Code    12  dretinf.o(x$fpl$dretinf)
    __aeabi_cdrcmple                         0x08006eb5   Thumb Code     0  drleqf.o(x$fpl$drleqf)
    _drcmple                                 0x08006eb5   Thumb Code   108  drleqf.o(x$fpl$drleqf)
    __aeabi_f2d                              0x08006f21   Thumb Code     0  f2d.o(x$fpl$f2d)
    _f2d                                     0x08006f21   Thumb Code    86  f2d.o(x$fpl$f2d)
    __fpl_fcmp_Inf                           0x08006f77   Thumb Code    24  fcmpi.o(x$fpl$fcmpinf)
    __aeabi_f2uiz                            0x08006f91   Thumb Code     0  ffixu.o(x$fpl$ffixu)
    _ffixu                                   0x08006f91   Thumb Code    62  ffixu.o(x$fpl$ffixu)
    __aeabi_ui2f                             0x08006fd1   Thumb Code     0  fflt_clz.o(x$fpl$ffltu)
    _ffltu                                   0x08006fd1   Thumb Code    38  fflt_clz.o(x$fpl$ffltu)
    __aeabi_cfcmple                          0x08006ff9   Thumb Code     0  fleqf.o(x$fpl$fleqf)
    _fcmple                                  0x08006ff9   Thumb Code   104  fleqf.o(x$fpl$fleqf)
    __fpl_fcmple_InfNaN                      0x0800704b   Thumb Code     0  fleqf.o(x$fpl$fleqf)
    __fpl_fnaninf                            0x08007061   Thumb Code   140  fnaninf.o(x$fpl$fnaninf)
    __fpl_fretinf                            0x080070ed   Thumb Code    10  fretinf.o(x$fpl$fretinf)
    __aeabi_cfrcmple                         0x080070f7   Thumb Code     0  frleqf.o(x$fpl$frleqf)
    _frcmple                                 0x080070f7   Thumb Code    98  frleqf.o(x$fpl$frleqf)
    __ieee_status                            0x08007159   Thumb Code     6  istatus.o(x$fpl$ieeestatus)
    _printf_fp_dec                           0x0800715f   Thumb Code     4  printf1.o(x$fpl$printf1)
    _printf_fp_hex                           0x08007163   Thumb Code     4  printf2.o(x$fpl$printf2)
    __fpl_return_NaN                         0x08007167   Thumb Code   100  retnan.o(x$fpl$retnan)
    __ARM_scalbn                             0x080071cb   Thumb Code    92  scalbn.o(x$fpl$scalbn)
    _scanf_real                              0x08007227   Thumb Code     4  scanf1.o(x$fpl$scanf1)
    _scanf_hex_real                          0x0800722b   Thumb Code     4  scanf2.o(x$fpl$scanf2)
    _scanf_infnan                            0x0800722f   Thumb Code     4  scanf2.o(x$fpl$scanf2)
    __fpl_cmpreturn                          0x08007233   Thumb Code    48  trapv.o(x$fpl$trapveneer)
    __I$use$fp                               0x08007262   Number         0  usenofp.o(x$fpl$usenofp)
    pub_topics                               0x08007262   Data          31  main.o(.constdata)
    OLED_F8x16                               0x08007281   Data        1520  oled.o(.constdata)
    F8X16                                    0x08007871   Data        1520  oled.o(.constdata)
    Region$$Table$$Base                      0x0800805c   Number         0  anon$$obj.o(Region$$Table)
    Region$$Table$$Limit                     0x0800807c   Number         0  anon$$obj.o(Region$$Table)
    __aeabi_HUGE_VAL                         0x0800807c   Data           0  fpconst.o(c$$dinf)
    __aeabi_HUGE_VALL                        0x0800807c   Data           0  fpconst.o(c$$dinf)
    __aeabi_INFINITY                         0x0800807c   Data           0  fpconst.o(c$$dinf)
    __dInf                                   0x0800807c   Data           0  fpconst.o(c$$dinf)
    __huge_val                               0x0800807c   Data           0  fpconst.o(c$$dinf)
    __dbl_max                                0x08008084   Data           0  fpconst.o(c$$dmax)
    __ctype                                  0x08008099   Data           0  lc_ctype_c.o(locale$$data)
    topics                                   0x20000000   Data           4  main.o(.data)
    flag1                                    0x20000004   Data           1  main.o(.data)
    alarm_is_free                            0x20000005   Data           1  main.o(.data)
    LED_Status                               0x20000006   Data           1  main.o(.data)
    alarmFlag                                0x20000007   Data           1  main.o(.data)
    threshold                                0x20000008   Data           2  main.o(.data)
    time_3                                   0x2000000a   Data           2  main.o(.data)
    Value                                    0x2000000c   Data           1  main.o(.data)
    UsCount                                  0x20000022   Data           1  delay.o(.data)
    MsCount                                  0x20000024   Data           2  delay.o(.data)
    Hzk                                      0x20000027   Data        2176  oled.o(.data)
    esp8266_cnt                              0x200008a8   Data           2  esp8266.o(.data)
    esp8266_cntPre                           0x200008aa   Data           2  esp8266.o(.data)
    json                                     0x200008c0   Data           4  onenet.o(.data)
    json_value                               0x200008c4   Data           4  onenet.o(.data)
    PUB_BUF                                  0x200008cc   Data         256  main.o(.bss)
    PUB_BUF1                                 0x200009cc   Data         256  main.o(.bss)
    esp8266_buf                              0x20000acc   Data         128  esp8266.o(.bss)
    __libspace_start                         0x20000b4c   Data          96  libspace.o(.bss)
    __temporary_stack_top$libspace           0x20000bac   Data           0  libspace.o(.bss)



==============================================================================

Memory Map of the image

  Image Entry point : 0x080000ed

  Load Region LR_IROM1 (Base: 0x08000000, Size: 0x00008a84, Max: 0x00010000, ABSOLUTE, COMPRESSED[0x000085b4])

    Execution Region ER_IROM1 (Exec base: 0x08000000, Load base: 0x08000000, Size: 0x000081b8, Max: 0x00010000, ABSOLUTE)

    Exec Addr    Load Addr    Size         Type   Attr      Idx    E Section Name        Object

    0x08000000   0x08000000   0x000000ec   Data   RO          161    RESET               startup_stm32f10x_md.o
    0x080000ec   0x080000ec   0x00000008   Code   RO         5180  * !!!main             c_w.l(__main.o)
    0x080000f4   0x080000f4   0x00000034   Code   RO         5644    !!!scatter          c_w.l(__scatter.o)
    0x08000128   0x08000128   0x00000064   Code   RO         5642    !!dclz77c           c_w.l(__dclz77c.o)
    0x0800018c   0x0800018c   0x0000001c   Code   RO         5646    !!handler_zi        c_w.l(__scatter_zi.o)
    0x080001a8   0x080001a8   0x00000000   Code   RO         5151    .ARM.Collect$$_printf_percent$$00000000  c_w.l(_printf_percent.o)
    0x080001a8   0x080001a8   0x00000006   Code   RO         5297    .ARM.Collect$$_printf_percent$$00000001  c_w.l(_printf_n.o)
    0x080001ae   0x080001ae   0x00000006   Code   RO         5298    .ARM.Collect$$_printf_percent$$00000002  c_w.l(_printf_p.o)
    0x080001b4   0x080001b4   0x00000006   Code   RO         5301    .ARM.Collect$$_printf_percent$$00000003  c_w.l(_printf_f.o)
    0x080001ba   0x080001ba   0x00000006   Code   RO         5302    .ARM.Collect$$_printf_percent$$00000004  c_w.l(_printf_e.o)
    0x080001c0   0x080001c0   0x00000006   Code   RO         5150    .ARM.Collect$$_printf_percent$$00000005  c_w.l(_printf_g.o)
    0x080001c6   0x080001c6   0x00000006   Code   RO         5303    .ARM.Collect$$_printf_percent$$00000006  c_w.l(_printf_a.o)
    0x080001cc   0x080001cc   0x0000000a   Code   RO         5308    .ARM.Collect$$_printf_percent$$00000007  c_w.l(_printf_ll.o)
    0x080001d6   0x080001d6   0x00000006   Code   RO         5148    .ARM.Collect$$_printf_percent$$00000008  c_w.l(_printf_i.o)
    0x080001dc   0x080001dc   0x00000006   Code   RO         5149    .ARM.Collect$$_printf_percent$$00000009  c_w.l(_printf_d.o)
    0x080001e2   0x080001e2   0x00000006   Code   RO         5300    .ARM.Collect$$_printf_percent$$0000000A  c_w.l(_printf_u.o)
    0x080001e8   0x080001e8   0x00000006   Code   RO         5299    .ARM.Collect$$_printf_percent$$0000000B  c_w.l(_printf_o.o)
    0x080001ee   0x080001ee   0x00000006   Code   RO         5147    .ARM.Collect$$_printf_percent$$0000000C  c_w.l(_printf_x.o)
    0x080001f4   0x080001f4   0x00000006   Code   RO         5305    .ARM.Collect$$_printf_percent$$0000000D  c_w.l(_printf_lli.o)
    0x080001fa   0x080001fa   0x00000006   Code   RO         5306    .ARM.Collect$$_printf_percent$$0000000E  c_w.l(_printf_lld.o)
    0x08000200   0x08000200   0x00000006   Code   RO         5307    .ARM.Collect$$_printf_percent$$0000000F  c_w.l(_printf_llu.o)
    0x08000206   0x08000206   0x00000006   Code   RO         5312    .ARM.Collect$$_printf_percent$$00000010  c_w.l(_printf_llo.o)
    0x0800020c   0x0800020c   0x00000006   Code   RO         5313    .ARM.Collect$$_printf_percent$$00000011  c_w.l(_printf_llx.o)
    0x08000212   0x08000212   0x0000000a   Code   RO         5309    .ARM.Collect$$_printf_percent$$00000012  c_w.l(_printf_l.o)
    0x0800021c   0x0800021c   0x00000006   Code   RO         5296    .ARM.Collect$$_printf_percent$$00000013  c_w.l(_printf_c.o)
    0x08000222   0x08000222   0x00000006   Code   RO         5146    .ARM.Collect$$_printf_percent$$00000014  c_w.l(_printf_s.o)
    0x08000228   0x08000228   0x00000006   Code   RO         5310    .ARM.Collect$$_printf_percent$$00000015  c_w.l(_printf_lc.o)
    0x0800022e   0x0800022e   0x00000006   Code   RO         5311    .ARM.Collect$$_printf_percent$$00000016  c_w.l(_printf_ls.o)
    0x08000234   0x08000234   0x00000004   Code   RO         5304    .ARM.Collect$$_printf_percent$$00000017  c_w.l(_printf_percent_end.o)
    0x08000238   0x08000238   0x00000002   Code   RO         5538    .ARM.Collect$$libinit$$00000000  c_w.l(libinit.o)
    0x0800023a   0x0800023a   0x00000000   Code   RO         5327    .ARM.Collect$$libinit$$00000002  c_w.l(libinit2.o)
    0x0800023a   0x0800023a   0x00000000   Code   RO         5329    .ARM.Collect$$libinit$$00000004  c_w.l(libinit2.o)
    0x0800023a   0x0800023a   0x00000008   Code   RO         5330    .ARM.Collect$$libinit$$00000005  c_w.l(libinit2.o)
    0x08000242   0x08000242   0x00000000   Code   RO         5332    .ARM.Collect$$libinit$$0000000A  c_w.l(libinit2.o)
    0x08000242   0x08000242   0x00000000   Code   RO         5334    .ARM.Collect$$libinit$$0000000C  c_w.l(libinit2.o)
    0x08000242   0x08000242   0x00000000   Code   RO         5336    .ARM.Collect$$libinit$$0000000E  c_w.l(libinit2.o)
    0x08000242   0x08000242   0x00000006   Code   RO         5337    .ARM.Collect$$libinit$$0000000F  c_w.l(libinit2.o)
    0x08000248   0x08000248   0x00000000   Code   RO         5339    .ARM.Collect$$libinit$$00000011  c_w.l(libinit2.o)
    0x08000248   0x08000248   0x0000000c   Code   RO         5340    .ARM.Collect$$libinit$$00000012  c_w.l(libinit2.o)
    0x08000254   0x08000254   0x00000000   Code   RO         5341    .ARM.Collect$$libinit$$00000013  c_w.l(libinit2.o)
    0x08000254   0x08000254   0x00000000   Code   RO         5343    .ARM.Collect$$libinit$$00000015  c_w.l(libinit2.o)
    0x08000254   0x08000254   0x0000000a   Code   RO         5344    .ARM.Collect$$libinit$$00000016  c_w.l(libinit2.o)
    0x0800025e   0x0800025e   0x00000000   Code   RO         5345    .ARM.Collect$$libinit$$00000017  c_w.l(libinit2.o)
    0x0800025e   0x0800025e   0x00000000   Code   RO         5347    .ARM.Collect$$libinit$$00000019  c_w.l(libinit2.o)
    0x0800025e   0x0800025e   0x00000000   Code   RO         5349    .ARM.Collect$$libinit$$0000001B  c_w.l(libinit2.o)
    0x0800025e   0x0800025e   0x00000000   Code   RO         5351    .ARM.Collect$$libinit$$0000001D  c_w.l(libinit2.o)
    0x0800025e   0x0800025e   0x00000000   Code   RO         5353    .ARM.Collect$$libinit$$0000001F  c_w.l(libinit2.o)
    0x0800025e   0x0800025e   0x00000000   Code   RO         5355    .ARM.Collect$$libinit$$00000021  c_w.l(libinit2.o)
    0x0800025e   0x0800025e   0x00000000   Code   RO         5357    .ARM.Collect$$libinit$$00000023  c_w.l(libinit2.o)
    0x0800025e   0x0800025e   0x00000000   Code   RO         5359    .ARM.Collect$$libinit$$00000025  c_w.l(libinit2.o)
    0x0800025e   0x0800025e   0x00000000   Code   RO         5363    .ARM.Collect$$libinit$$0000002C  c_w.l(libinit2.o)
    0x0800025e   0x0800025e   0x00000000   Code   RO         5365    .ARM.Collect$$libinit$$0000002E  c_w.l(libinit2.o)
    0x0800025e   0x0800025e   0x00000000   Code   RO         5367    .ARM.Collect$$libinit$$00000030  c_w.l(libinit2.o)
    0x0800025e   0x0800025e   0x00000000   Code   RO         5369    .ARM.Collect$$libinit$$00000032  c_w.l(libinit2.o)
    0x0800025e   0x0800025e   0x00000002   Code   RO         5370    .ARM.Collect$$libinit$$00000033  c_w.l(libinit2.o)
    0x08000260   0x08000260   0x00000002   Code   RO         5635    .ARM.Collect$$libshutdown$$00000000  c_w.l(libshutdown.o)
    0x08000262   0x08000262   0x00000000   Code   RO         5558    .ARM.Collect$$libshutdown$$00000002  c_w.l(libshutdown2.o)
    0x08000262   0x08000262   0x00000000   Code   RO         5560    .ARM.Collect$$libshutdown$$00000004  c_w.l(libshutdown2.o)
    0x08000262   0x08000262   0x00000000   Code   RO         5562    .ARM.Collect$$libshutdown$$00000006  c_w.l(libshutdown2.o)
    0x08000262   0x08000262   0x00000000   Code   RO         5565    .ARM.Collect$$libshutdown$$00000009  c_w.l(libshutdown2.o)
    0x08000262   0x08000262   0x00000000   Code   RO         5568    .ARM.Collect$$libshutdown$$0000000C  c_w.l(libshutdown2.o)
    0x08000262   0x08000262   0x00000000   Code   RO         5570    .ARM.Collect$$libshutdown$$0000000E  c_w.l(libshutdown2.o)
    0x08000262   0x08000262   0x00000000   Code   RO         5573    .ARM.Collect$$libshutdown$$00000011  c_w.l(libshutdown2.o)
    0x08000262   0x08000262   0x00000002   Code   RO         5574    .ARM.Collect$$libshutdown$$00000012  c_w.l(libshutdown2.o)
    0x08000264   0x08000264   0x00000000   Code   RO         5236    .ARM.Collect$$rtentry$$00000000  c_w.l(__rtentry.o)
    0x08000264   0x08000264   0x00000000   Code   RO         5396    .ARM.Collect$$rtentry$$00000002  c_w.l(__rtentry2.o)
    0x08000264   0x08000264   0x00000006   Code   RO         5408    .ARM.Collect$$rtentry$$00000004  c_w.l(__rtentry4.o)
    0x0800026a   0x0800026a   0x00000000   Code   RO         5398    .ARM.Collect$$rtentry$$00000009  c_w.l(__rtentry2.o)
    0x0800026a   0x0800026a   0x00000004   Code   RO         5399    .ARM.Collect$$rtentry$$0000000A  c_w.l(__rtentry2.o)
    0x0800026e   0x0800026e   0x00000000   Code   RO         5401    .ARM.Collect$$rtentry$$0000000C  c_w.l(__rtentry2.o)
    0x0800026e   0x0800026e   0x00000008   Code   RO         5402    .ARM.Collect$$rtentry$$0000000D  c_w.l(__rtentry2.o)
    0x08000276   0x08000276   0x00000002   Code   RO         5545    .ARM.Collect$$rtexit$$00000000  c_w.l(rtexit.o)
    0x08000278   0x08000278   0x00000000   Code   RO         5592    .ARM.Collect$$rtexit$$00000002  c_w.l(rtexit2.o)
    0x08000278   0x08000278   0x00000004   Code   RO         5593    .ARM.Collect$$rtexit$$00000003  c_w.l(rtexit2.o)
    0x0800027c   0x0800027c   0x00000006   Code   RO         5594    .ARM.Collect$$rtexit$$00000004  c_w.l(rtexit2.o)
    0x08000282   0x08000282   0x00000002   PAD
    0x08000284   0x08000284   0x00000000   Code   RO         5417    .emb_text           c_w.l(maybetermalloc1.o)
    0x08000284   0x08000284   0x00000040   Code   RO          162    .text               startup_stm32f10x_md.o
    0x080002c4   0x080002c4   0x0000005e   Code   RO         5027    .text               c_w.l(h1_alloc.o)
    0x08000322   0x08000322   0x0000004e   Code   RO         5029    .text               c_w.l(h1_free.o)
    0x08000370   0x08000370   0x000000b8   Code   RO         5031    .text               c_w.l(h1_realloc.o)
    0x08000428   0x08000428   0x0000001a   Code   RO         5089    .text               c_w.l(tolower.o)
    0x08000442   0x08000442   0x00000002   PAD
    0x08000444   0x08000444   0x00000034   Code   RO         5091    .text               c_w.l(vsnprintf.o)
    0x08000478   0x08000478   0x0000002c   Code   RO         5093    .text               c_w.l(__2sprintf.o)
    0x080004a4   0x080004a4   0x0000004e   Code   RO         5099    .text               c_w.l(_printf_pad.o)
    0x080004f2   0x080004f2   0x00000052   Code   RO         5101    .text               c_w.l(_printf_str.o)
    0x08000544   0x08000544   0x00000078   Code   RO         5103    .text               c_w.l(_printf_dec.o)
    0x080005bc   0x080005bc   0x00000094   Code   RO         5123    .text               c_w.l(_printf_hex_int_ll_ptr.o)
    0x08000650   0x08000650   0x00000188   Code   RO         5143    .text               c_w.l(__printf_flags_ss_wp.o)
    0x080007d8   0x080007d8   0x0000001a   Code   RO         5154    .text               c_w.l(atoi.o)
    0x080007f2   0x080007f2   0x00000014   Code   RO         5156    .text               c_w.l(strchr.o)
    0x08000806   0x08000806   0x00000024   Code   RO         5158    .text               c_w.l(strncat.o)
    0x0800082a   0x0800082a   0x00000024   Code   RO         5160    .text               c_w.l(strstr.o)
    0x0800084e   0x0800084e   0x0000003e   Code   RO         5164    .text               c_w.l(strlen.o)
    0x0800088c   0x0800088c   0x00000096   Code   RO         5166    .text               c_w.l(strncmp.o)
    0x08000922   0x08000922   0x0000008a   Code   RO         5168    .text               c_w.l(rt_memcpy_v6.o)
    0x080009ac   0x080009ac   0x00000064   Code   RO         5170    .text               c_w.l(rt_memcpy_w.o)
    0x08000a10   0x08000a10   0x00000044   Code   RO         5172    .text               c_w.l(rt_memclr.o)
    0x08000a54   0x08000a54   0x0000004e   Code   RO         5174    .text               c_w.l(rt_memclr_w.o)
    0x08000aa2   0x08000aa2   0x00000002   PAD
    0x08000aa4   0x08000aa4   0x00000080   Code   RO         5176    .text               c_w.l(strcmpv7m.o)
    0x08000b24   0x08000b24   0x00000006   Code   RO         5178    .text               c_w.l(heapauxi.o)
    0x08000b2a   0x08000b2a   0x00000002   PAD
    0x08000b2c   0x08000b2c   0x00000010   Code   RO         5237    .text               c_w.l(rt_ctype_table.o)
    0x08000b3c   0x08000b3c   0x00000008   Code   RO         5242    .text               c_w.l(rt_heap_descriptor_intlibspace.o)
    0x08000b44   0x08000b44   0x00000008   Code   RO         5247    .text               c_w.l(rt_errno_addr_intlibspace.o)
    0x08000b4c   0x08000b4c   0x00000004   Code   RO         5249    .text               c_w.l(hguard.o)
    0x08000b50   0x08000b50   0x0000008a   Code   RO         5251    .text               c_w.l(init_alloc.o)
    0x08000bda   0x08000bda   0x0000000e   Code   RO         5255    .text               c_w.l(h1_init.o)
    0x08000be8   0x08000be8   0x00000024   Code   RO         5269    .text               c_w.l(_printf_truncate.o)
    0x08000c0c   0x08000c0c   0x000000b2   Code   RO         5271    .text               c_w.l(_printf_intcommon.o)
    0x08000cbe   0x08000cbe   0x00000028   Code   RO         5273    .text               c_w.l(_printf_charcount.o)
    0x08000ce6   0x08000ce6   0x0000041e   Code   RO         5275    .text               c_w.l(_printf_fp_dec.o)
    0x08001104   0x08001104   0x00000030   Code   RO         5277    .text               c_w.l(_printf_char_common.o)
    0x08001134   0x08001134   0x0000000a   Code   RO         5279    .text               c_w.l(_sputc.o)
    0x0800113e   0x0800113e   0x00000010   Code   RO         5281    .text               c_w.l(_snputc.o)
    0x0800114e   0x0800114e   0x0000002c   Code   RO         5283    .text               c_w.l(_printf_char.o)
    0x0800117a   0x0800117a   0x00000002   PAD
    0x0800117c   0x0800117c   0x000000bc   Code   RO         5285    .text               c_w.l(_printf_wctomb.o)
    0x08001238   0x08001238   0x0000007c   Code   RO         5288    .text               c_w.l(_printf_longlong_dec.o)
    0x080012b4   0x080012b4   0x00000070   Code   RO         5294    .text               c_w.l(_printf_oct_int_ll.o)
    0x08001324   0x08001324   0x000004f8   Code   RO         5314    .text               c_w.l(scanf_fp.o)
    0x0800181c   0x0800181c   0x00000040   Code   RO         5318    .text               c_w.l(_sgetc.o)
    0x0800185c   0x0800185c   0x000000a4   Code   RO         5320    .text               c_w.l(strtod.o)
    0x08001900   0x08001900   0x00000070   Code   RO         5322    .text               c_w.l(strtol.o)
    0x08001970   0x08001970   0x00000008   Code   RO         5392    .text               c_w.l(libspace.o)
    0x08001978   0x08001978   0x00000008   Code   RO         5413    .text               c_w.l(rt_locale_intlibspace.o)
    0x08001980   0x08001980   0x00000034   Code   RO         5419    .text               c_w.l(h1_extend.o)
    0x080019b4   0x080019b4   0x0000008a   Code   RO         5423    .text               c_w.l(lludiv10.o)
    0x08001a3e   0x08001a3e   0x00000012   Code   RO         5425    .text               c_w.l(isspace.o)
    0x08001a50   0x08001a50   0x000002fc   Code   RO         5427    .text               c_w.l(_printf_fp_hex.o)
    0x08001d4c   0x08001d4c   0x00000080   Code   RO         5430    .text               c_w.l(_printf_fp_infnan.o)
    0x08001dcc   0x08001dcc   0x0000002c   Code   RO         5434    .text               c_w.l(_printf_wchar.o)
    0x08001df8   0x08001df8   0x0000009e   Code   RO         5438    .text               c_w.l(_strtoul.o)
    0x08001e96   0x08001e96   0x00000002   PAD
    0x08001e98   0x08001e98   0x000000e4   Code   RO         5440    .text               c_w.l(bigflt0.o)
    0x08001f7c   0x08001f7c   0x00000040   Code   RO         5465    .text               c_w.l(_wcrtomb.o)
    0x08001fbc   0x08001fbc   0x0000000e   Code   RO         5473    .text               c_w.l(defsig_rtmem_outer.o)
    0x08001fca   0x08001fca   0x00000002   Code   RO         5506    .text               c_w.l(use_no_semi.o)
    0x08001fcc   0x08001fcc   0x00000000   Code   RO         5508    .text               c_w.l(indicate_semi.o)
    0x08001fcc   0x08001fcc   0x0000004a   Code   RO         5509    .text               c_w.l(sys_stackheap_outer.o)
    0x08002016   0x08002016   0x00000016   Code   RO         5515    .text               c_w.l(_rserrno.o)
    0x0800202c   0x0800202c   0x0000001c   Code   RO         5517    .text               c_w.l(_chval.o)
    0x08002048   0x08002048   0x00000320   Code   RO         5519    .text               c_w.l(scanf_hexfp.o)
    0x08002368   0x08002368   0x00000134   Code   RO         5521    .text               c_w.l(scanf_infnan.o)
    0x0800249c   0x0800249c   0x00000012   Code   RO         5523    .text               c_w.l(exit.o)
    0x080024ae   0x080024ae   0x0000000a   Code   RO         5525    .text               c_w.l(defsig_exit.o)
    0x080024b8   0x080024b8   0x00000050   Code   RO         5527    .text               c_w.l(defsig_rtmem_inner.o)
    0x08002508   0x08002508   0x0000000c   Code   RO         5543    .text               c_w.l(sys_exit.o)
    0x08002514   0x08002514   0x00000026   Code   RO         5551    .text               c_w.l(llshl.o)
    0x0800253a   0x0800253a   0x00000032   Code   RO         5555    .text               c_w.l(defsig_general.o)
    0x0800256c   0x0800256c   0x0000000e   Code   RO         5589    .text               c_w.l(sys_wrch.o)
    0x0800257a   0x0800257a   0x0000003e   Code   RO         5443    CL$$btod_d2e        c_w.l(btod.o)
    0x080025b8   0x080025b8   0x00000046   Code   RO         5445    CL$$btod_d2e_denorm_low  c_w.l(btod.o)
    0x080025fe   0x080025fe   0x00000060   Code   RO         5444    CL$$btod_d2e_norm_op1  c_w.l(btod.o)
    0x0800265e   0x0800265e   0x00000338   Code   RO         5453    CL$$btod_div_common  c_w.l(btod.o)
    0x08002996   0x08002996   0x00000002   PAD
    0x08002998   0x08002998   0x00000084   Code   RO         5451    CL$$btod_e2d        c_w.l(btod.o)
    0x08002a1c   0x08002a1c   0x000000dc   Code   RO         5450    CL$$btod_e2e        c_w.l(btod.o)
    0x08002af8   0x08002af8   0x0000002a   Code   RO         5447    CL$$btod_ediv       c_w.l(btod.o)
    0x08002b22   0x08002b22   0x0000002a   Code   RO         5449    CL$$btod_edivd      c_w.l(btod.o)
    0x08002b4c   0x08002b4c   0x0000002a   Code   RO         5446    CL$$btod_emul       c_w.l(btod.o)
    0x08002b76   0x08002b76   0x0000002a   Code   RO         5448    CL$$btod_emuld      c_w.l(btod.o)
    0x08002ba0   0x08002ba0   0x00000244   Code   RO         5452    CL$$btod_mult_common  c_w.l(btod.o)
    0x08002de4   0x08002de4   0x00000014   Code   RO         3530    i.BEEP_OFF          beep.o
    0x08002df8   0x08002df8   0x00000014   Code   RO         3531    i.BEEP_ON           beep.o
    0x08002e0c   0x08002e0c   0x0000002c   Code   RO         3532    i.BEEP_Turn         beep.o
    0x08002e38   0x08002e38   0x00000032   Code   RO         3713    i.BH1750_Data_Read  bh1750.o
    0x08002e6a   0x08002e6a   0x00000028   Code   RO         3714    i.BH1750_Data_Send  bh1750.o
    0x08002e92   0x08002e92   0x00000002   PAD
    0x08002e94   0x08002e94   0x00000038   Code   RO         3715    i.BH1750_Init       bh1750.o
    0x08002ecc   0x08002ecc   0x00000050   Code   RO         3716    i.BH_IIC_Ack        bh1750.o
    0x08002f1c   0x08002f1c   0x00000050   Code   RO         3717    i.BH_IIC_NAck       bh1750.o
    0x08002f6c   0x08002f6c   0x00000070   Code   RO         3718    i.BH_IIC_Read_Byte  bh1750.o
    0x08002fdc   0x08002fdc   0x00000074   Code   RO         3719    i.BH_IIC_Send_Byte  bh1750.o
    0x08003050   0x08003050   0x0000004c   Code   RO         3720    i.BH_IIC_Start      bh1750.o
    0x0800309c   0x0800309c   0x0000004c   Code   RO         3721    i.BH_IIC_Stop       bh1750.o
    0x080030e8   0x080030e8   0x00000064   Code   RO         3722    i.BH_IIC_Wait_Ack   bh1750.o
    0x0800314c   0x0800314c   0x0000002c   Code   RO         3533    i.Beep_Init         beep.o
    0x08003178   0x08003178   0x00000004   Code   RO         4052    i.BusFault_Handler  stm32f10x_it.o
    0x0800317c   0x0800317c   0x00000050   Code   RO         3782    i.DHT11_Check       dht11.o
    0x080031cc   0x080031cc   0x0000000c   Code   RO         3783    i.DHT11_INIT        dht11.o
    0x080031d8   0x080031d8   0x00000034   Code   RO         3784    i.DHT11_IO_IN       dht11.o
    0x0800320c   0x0800320c   0x00000038   Code   RO         3785    i.DHT11_IO_OUT      dht11.o
    0x08003244   0x08003244   0x0000004c   Code   RO         3786    i.DHT11_Read_Bit    dht11.o
    0x08003290   0x08003290   0x0000001e   Code   RO         3787    i.DHT11_Read_Byte   dht11.o
    0x080032ae   0x080032ae   0x00000002   PAD
    0x080032b0   0x080032b0   0x0000002c   Code   RO         3788    i.DHT11_Rst         dht11.o
    0x080032dc   0x080032dc   0x00000002   Code   RO         4053    i.DebugMon_Handler  stm32f10x_it.o
    0x080032de   0x080032de   0x00000002   PAD
    0x080032e0   0x080032e0   0x00000048   Code   RO         3268    i.DelayXms          delay.o
    0x08003328   0x08003328   0x00000038   Code   RO         3269    i.Delay_Init        delay.o
    0x08003360   0x08003360   0x00000018   Code   RO         3270    i.Delay_ms          delay.o
    0x08003378   0x08003378   0x0000002e   Code   RO         3272    i.Delay_us          delay.o
    0x080033a6   0x080033a6   0x00000002   PAD
    0x080033a8   0x080033a8   0x0000001c   Code   RO         3984    i.ESP8266_Clear     esp8266.o
    0x080033c4   0x080033c4   0x00000050   Code   RO         3985    i.ESP8266_GetIPD    esp8266.o
    0x08003414   0x08003414   0x000001fc   Code   RO         3986    i.ESP8266_Init      esp8266.o
    0x08003610   0x08003610   0x00000054   Code   RO         3987    i.ESP8266_SendCmd   esp8266.o
    0x08003664   0x08003664   0x00000048   Code   RO         3988    i.ESP8266_SendData  esp8266.o
    0x080036ac   0x080036ac   0x00000034   Code   RO         3989    i.ESP8266_WaitRecive  esp8266.o
    0x080036e0   0x080036e0   0x0000002c   Code   RO         3905    i.EXTI15_10_IRQHandler  fire.o
    0x0800370c   0x0800370c   0x0000000c   Code   RO         1055    i.EXTI_ClearITPendingBit  stm32f10x_exti.o
    0x08003718   0x08003718   0x00000028   Code   RO         1059    i.EXTI_GetITStatus  stm32f10x_exti.o
    0x08003740   0x08003740   0x00000094   Code   RO         1060    i.EXTI_Init         stm32f10x_exti.o
    0x080037d4   0x080037d4   0x00000074   Code   RO         3906    i.FIRE_CONFIG       fire.o
    0x08003848   0x08003848   0x00000040   Code   RO         1414    i.GPIO_EXTILineConfig  stm32f10x_gpio.o
    0x08003888   0x08003888   0x00000116   Code   RO         1417    i.GPIO_Init         stm32f10x_gpio.o
    0x0800399e   0x0800399e   0x00000002   PAD
    0x080039a0   0x080039a0   0x00000090   Code   RO         1419    i.GPIO_PinRemapConfig  stm32f10x_gpio.o
    0x08003a30   0x08003a30   0x00000012   Code   RO         1421    i.GPIO_ReadInputDataBit  stm32f10x_gpio.o
    0x08003a42   0x08003a42   0x00000012   Code   RO         1423    i.GPIO_ReadOutputDataBit  stm32f10x_gpio.o
    0x08003a54   0x08003a54   0x00000004   Code   RO         1424    i.GPIO_ResetBits    stm32f10x_gpio.o
    0x08003a58   0x08003a58   0x00000004   Code   RO         1425    i.GPIO_SetBits      stm32f10x_gpio.o
    0x08003a5c   0x08003a5c   0x0000000a   Code   RO         1428    i.GPIO_WriteBit     stm32f10x_gpio.o
    0x08003a66   0x08003a66   0x00000004   Code   RO         4054    i.HardFault_Handler  stm32f10x_it.o
    0x08003a6a   0x08003a6a   0x00000002   PAD
    0x08003a6c   0x08003a6c   0x00000068   Code   RO            1    i.Hardware_Init     main.o
    0x08003ad4   0x08003ad4   0x00000010   Code   RO         3421    i.LED1_OFF          led.o
    0x08003ae4   0x08003ae4   0x00000010   Code   RO         3422    i.LED1_ON           led.o
    0x08003af4   0x08003af4   0x00000024   Code   RO         3423    i.LED1_Turn         led.o
    0x08003b18   0x08003b18   0x00000034   Code   RO         3427    i.LED_Init          led.o
    0x08003b4c   0x08003b4c   0x0000001c   Code   RO         4788    i.MQTT_DeleteBuffer  mqttkit.o
    0x08003b68   0x08003b68   0x0000002e   Code   RO         4789    i.MQTT_DumpLength   mqttkit.o
    0x08003b96   0x08003b96   0x00000058   Code   RO         4790    i.MQTT_NewBuffer    mqttkit.o
    0x08003bee   0x08003bee   0x00000002   PAD
    0x08003bf0   0x08003bf0   0x000002a0   Code   RO         4792    i.MQTT_PacketConnect  mqttkit.o
    0x08003e90   0x08003e90   0x000001b8   Code   RO         4795    i.MQTT_PacketPublish  mqttkit.o
    0x08004048   0x08004048   0x00000048   Code   RO         4797    i.MQTT_PacketPublishComp  mqttkit.o
    0x08004090   0x08004090   0x00000048   Code   RO         4799    i.MQTT_PacketPublishRel  mqttkit.o
    0x080040d8   0x080040d8   0x000000fe   Code   RO         4802    i.MQTT_PacketSubscribe  mqttkit.o
    0x080041d6   0x080041d6   0x00000046   Code   RO         4804    i.MQTT_ReadLength   mqttkit.o
    0x0800421c   0x0800421c   0x0000008c   Code   RO         4805    i.MQTT_UnPacketCmd  mqttkit.o
    0x080042a8   0x080042a8   0x0000001e   Code   RO         4806    i.MQTT_UnPacketConnectAck  mqttkit.o
    0x080042c6   0x080042c6   0x00000002   PAD
    0x080042c8   0x080042c8   0x000001c0   Code   RO         4807    i.MQTT_UnPacketPublish  mqttkit.o
    0x08004488   0x08004488   0x0000001e   Code   RO         4808    i.MQTT_UnPacketPublishAck  mqttkit.o
    0x080044a6   0x080044a6   0x0000001e   Code   RO         4809    i.MQTT_UnPacketPublishComp  mqttkit.o
    0x080044c4   0x080044c4   0x0000001e   Code   RO         4810    i.MQTT_UnPacketPublishRec  mqttkit.o
    0x080044e2   0x080044e2   0x00000024   Code   RO         4811    i.MQTT_UnPacketPublishRel  mqttkit.o
    0x08004506   0x08004506   0x00000002   PAD
    0x08004508   0x08004508   0x00000074   Code   RO         4812    i.MQTT_UnPacketRecv  mqttkit.o
    0x0800457c   0x0800457c   0x00000034   Code   RO         4813    i.MQTT_UnPacketSubscribe  mqttkit.o
    0x080045b0   0x080045b0   0x00000012   Code   RO         4814    i.MQTT_UnPacketUnSubscribe  mqttkit.o
    0x080045c2   0x080045c2   0x00000004   Code   RO         4055    i.MemManage_Handler  stm32f10x_it.o
    0x080045c6   0x080045c6   0x00000002   Code   RO         4056    i.NMI_Handler       stm32f10x_it.o
    0x080045c8   0x080045c8   0x00000070   Code   RO          230    i.NVIC_Init         misc.o
    0x08004638   0x08004638   0x00000014   Code   RO          231    i.NVIC_PriorityGroupConfig  misc.o
    0x0800464c   0x0800464c   0x0000002a   Code   RO         3566    i.OLED_Clear        oled.o
    0x08004676   0x08004676   0x00000002   PAD
    0x08004678   0x08004678   0x00000050   Code   RO         3568    i.OLED_I2C_Init     oled.o
    0x080046c8   0x080046c8   0x00000054   Code   RO         3569    i.OLED_I2C_SendByte  oled.o
    0x0800471c   0x0800471c   0x00000034   Code   RO         3570    i.OLED_I2C_Start    oled.o
    0x08004750   0x08004750   0x00000028   Code   RO         3571    i.OLED_I2C_Stop     oled.o
    0x08004778   0x08004778   0x000000ae   Code   RO         3572    i.OLED_Init         oled.o
    0x08004826   0x08004826   0x00000002   PAD
    0x08004828   0x08004828   0x000000ec   Code   RO         3573    i.OLED_ON           oled.o
    0x08004914   0x08004914   0x00000014   Code   RO         3574    i.OLED_Pow          oled.o
    0x08004928   0x08004928   0x00000022   Code   RO         3575    i.OLED_SetCursor    oled.o
    0x0800494a   0x0800494a   0x00000028   Code   RO         3576    i.OLED_Set_Pos      oled.o
    0x08004972   0x08004972   0x00000002   PAD
    0x08004974   0x08004974   0x00000068   Code   RO         3578    i.OLED_ShowCHinese  oled.o
    0x080049dc   0x080049dc   0x00000074   Code   RO         3579    i.OLED_ShowChar     oled.o
    0x08004a50   0x08004a50   0x00000044   Code   RO         3581    i.OLED_ShowNum      oled.o
    0x08004a94   0x08004a94   0x00000028   Code   RO         3583    i.OLED_ShowString   oled.o
    0x08004abc   0x08004abc   0x00000018   Code   RO         3584    i.OLED_WR_Byte      oled.o
    0x08004ad4   0x08004ad4   0x00000020   Code   RO         3585    i.OLED_WriteCommand  oled.o
    0x08004af4   0x08004af4   0x00000020   Code   RO         3586    i.OLED_WriteData    oled.o
    0x08004b14   0x08004b14   0x00000228   Code   RO         4972    i.OneNet_DevLink    onenet.o
    0x08004d3c   0x08004d3c   0x0000007c   Code   RO         4973    i.OneNet_Publish    onenet.o
    0x08004db8   0x08004db8   0x00000430   Code   RO         4974    i.OneNet_RevPro     onenet.o
    0x080051e8   0x080051e8   0x0000006c   Code   RO         4975    i.OneNet_Subscribe  onenet.o
    0x08005254   0x08005254   0x00000002   Code   RO         4057    i.PendSV_Handler    stm32f10x_it.o
    0x08005256   0x08005256   0x00000002   PAD
    0x08005258   0x08005258   0x00000020   Code   RO         1845    i.RCC_APB1PeriphClockCmd  stm32f10x_rcc.o
    0x08005278   0x08005278   0x00000020   Code   RO         1847    i.RCC_APB2PeriphClockCmd  stm32f10x_rcc.o
    0x08005298   0x08005298   0x000000d4   Code   RO         1855    i.RCC_GetClocksFreq  stm32f10x_rcc.o
    0x0800536c   0x0800536c   0x00000064   Code   RO         3789    i.Read_DHT_Data     dht11.o
    0x080053d0   0x080053d0   0x00000002   Code   RO         4058    i.SVC_Handler       stm32f10x_it.o
    0x080053d2   0x080053d2   0x00000008   Code   RO          177    i.SetSysClock       system_stm32f10x.o
    0x080053da   0x080053da   0x00000002   PAD
    0x080053dc   0x080053dc   0x000000e0   Code   RO          178    i.SetSysClockTo72   system_stm32f10x.o
    0x080054bc   0x080054bc   0x00000002   Code   RO         4059    i.SysTick_Handler   stm32f10x_it.o
    0x080054be   0x080054be   0x00000002   PAD
    0x080054c0   0x080054c0   0x00000060   Code   RO          180    i.SystemInit        system_stm32f10x.o
    0x08005520   0x08005520   0x0000001c   Code   RO         3935    i.USART1_IRQHandler  usart.o
    0x0800553c   0x0800553c   0x0000004c   Code   RO         3990    i.USART2_IRQHandler  esp8266.o
    0x08005588   0x08005588   0x00000012   Code   RO         3026    i.USART_ClearFlag   stm32f10x_usart.o
    0x0800559a   0x0800559a   0x00000018   Code   RO         3030    i.USART_Cmd         stm32f10x_usart.o
    0x080055b2   0x080055b2   0x0000001a   Code   RO         3033    i.USART_GetFlagStatus  stm32f10x_usart.o
    0x080055cc   0x080055cc   0x00000054   Code   RO         3034    i.USART_GetITStatus  stm32f10x_usart.o
    0x08005620   0x08005620   0x0000004a   Code   RO         3036    i.USART_ITConfig    stm32f10x_usart.o
    0x0800566a   0x0800566a   0x00000002   PAD
    0x0800566c   0x0800566c   0x000000d8   Code   RO         3037    i.USART_Init        stm32f10x_usart.o
    0x08005744   0x08005744   0x00000008   Code   RO         3047    i.USART_SendData    stm32f10x_usart.o
    0x0800574c   0x0800574c   0x00000004   Code   RO         4060    i.UsageFault_Handler  stm32f10x_it.o
    0x08005750   0x08005750   0x00000048   Code   RO         3936    i.UsartPrintf       usart.o
    0x08005798   0x08005798   0x00000032   Code   RO         3937    i.Usart_SendString  usart.o
    0x080057ca   0x080057ca   0x00000028   Code   RO         5498    i.__ARM_fpclassify  m_ws.l(fpclassify.o)
    0x080057f2   0x080057f2   0x0000000e   Code   RO         5606    i.__mathlib_dbl_overflow  m_ws.l(dunder.o)
    0x08005800   0x08005800   0x00000010   Code   RO         5608    i.__mathlib_dbl_underflow  m_ws.l(dunder.o)
    0x08005810   0x08005810   0x00000010   Code   RO         5500    i.__mathlib_narrow  m_ws.l(narrow.o)
    0x08005820   0x08005820   0x000000bc   Code   RO         5501    i.__mathlib_tofloat  m_ws.l(narrow.o)
    0x080058dc   0x080058dc   0x00000016   Code   RO         5578    i.__support_ldexp   m_ws.l(ldexp.o)
    0x080058f2   0x080058f2   0x0000000e   Code   RO         5136    i._is_digit         c_w.l(__printf_wp.o)
    0x08005900   0x08005900   0x00000048   Code   RO         4117    i.buffer_skip_whitespace  cjson.o
    0x08005948   0x08005948   0x00000058   Code   RO         4149    i.cJSON_Delete      cjson.o
    0x080059a0   0x080059a0   0x00000010   Code   RO         4160    i.cJSON_GetErrorPtr  cjson.o
    0x080059b0   0x080059b0   0x00000012   Code   RO         4162    i.cJSON_GetObjectItem  cjson.o
    0x080059c2   0x080059c2   0x0000001a   Code   RO         4179    i.cJSON_New_Item    cjson.o
    0x080059dc   0x080059dc   0x00000010   Code   RO         4180    i.cJSON_Parse       cjson.o
    0x080059ec   0x080059ec   0x000000d4   Code   RO         4182    i.cJSON_ParseWithLengthOpts  cjson.o
    0x08005ac0   0x08005ac0   0x00000028   Code   RO         4183    i.cJSON_ParseWithOpts  cjson.o
    0x08005ae8   0x08005ae8   0x00000048   Code   RO         4198    i.case_insensitive_strcmp  cjson.o
    0x08005b30   0x08005b30   0x00000058   Code   RO         5540    i.frexp             m_ws.l(frexp.o)
    0x08005b88   0x08005b88   0x00000004   Code   RO         4204    i.get_decimal_point  cjson.o
    0x08005b8c   0x08005b8c   0x00000052   Code   RO         4205    i.get_object_item   cjson.o
    0x08005bde   0x08005bde   0x00000002   PAD
    0x08005be0   0x08005be0   0x00000048   Code   RO         3469    i.key_init          key.o
    0x08005c28   0x08005c28   0x00000098   Code   RO         3470    i.key_scan          key.o
    0x08005cc0   0x08005cc0   0x00000074   Code   RO         5579    i.ldexp             m_ws.l(ldexp.o)
    0x08005d34   0x08005d34   0x0000027c   Code   RO            2    i.main              main.o
    0x08005fb0   0x08005fb0   0x000000f8   Code   RO         4207    i.parse_array       cjson.o
    0x080060a8   0x080060a8   0x0000005a   Code   RO         4208    i.parse_hex4        cjson.o
    0x08006102   0x08006102   0x00000002   PAD
    0x08006104   0x08006104   0x00000138   Code   RO         4209    i.parse_number      cjson.o
    0x0800623c   0x0800623c   0x0000013e   Code   RO         4210    i.parse_object      cjson.o
    0x0800637a   0x0800637a   0x0000018c   Code   RO         4211    i.parse_string      cjson.o
    0x08006506   0x08006506   0x00000002   PAD
    0x08006508   0x08006508   0x0000013c   Code   RO         4212    i.parse_value       cjson.o
    0x08006644   0x08006644   0x0000003c   Code   RO         4223    i.skip_utf8_bom     cjson.o
    0x08006680   0x08006680   0x0000001c   Code   RO         5231    i.strtod            m_ws.l(strtod.o)
    0x0800669c   0x0800669c   0x000000b4   Code   RO         3938    i.uart1_Init        usart.o
    0x08006750   0x08006750   0x000000ac   Code   RO         3939    i.uart2_Init        usart.o
    0x080067fc   0x080067fc   0x0000012c   Code   RO         4226    i.utf16_literal_to_utf8  cjson.o
    0x08006928   0x08006928   0x0000002c   Code   RO         5468    locale$$code        c_w.l(lc_ctype_c.o)
    0x08006954   0x08006954   0x0000002c   Code   RO         5471    locale$$code        c_w.l(lc_numeric_c.o)
    0x08006980   0x08006980   0x00000062   Code   RO         5182    x$fpl$d2f           fz_ws.l(d2f.o)
    0x080069e2   0x080069e2   0x00000002   PAD
    0x080069e4   0x080069e4   0x00000010   Code   RO         5600    x$fpl$dcheck1       fz_ws.l(dcheck1.o)
    0x080069f4   0x080069f4   0x00000018   Code   RO         5371    x$fpl$dcmpinf       fz_ws.l(dcmpi.o)
    0x08006a0c   0x08006a0c   0x000002b0   Code   RO         5191    x$fpl$ddiv          fz_ws.l(ddiv.o)
    0x08006cbc   0x08006cbc   0x00000078   Code   RO         5194    x$fpl$deqf          fz_ws.l(deqf.o)
    0x08006d34   0x08006d34   0x0000005e   Code   RO         5196    x$fpl$dfix          fz_ws.l(dfix.o)
    0x08006d92   0x08006d92   0x00000002   PAD
    0x08006d94   0x08006d94   0x00000078   Code   RO         5206    x$fpl$dleqf         fz_ws.l(dleqf.o)
    0x08006e0c   0x08006e0c   0x0000009c   Code   RO         5373    x$fpl$dnaninf       fz_ws.l(dnaninf.o)
    0x08006ea8   0x08006ea8   0x0000000c   Code   RO         5375    x$fpl$dretinf       fz_ws.l(dretinf.o)
    0x08006eb4   0x08006eb4   0x0000006c   Code   RO         5210    x$fpl$drleqf        fz_ws.l(drleqf.o)
    0x08006f20   0x08006f20   0x00000056   Code   RO         5212    x$fpl$f2d           fz_ws.l(f2d.o)
    0x08006f76   0x08006f76   0x00000018   Code   RO         5482    x$fpl$fcmpinf       fz_ws.l(fcmpi.o)
    0x08006f8e   0x08006f8e   0x00000002   PAD
    0x08006f90   0x08006f90   0x0000003e   Code   RO         5214    x$fpl$ffixu         fz_ws.l(ffixu.o)
    0x08006fce   0x08006fce   0x00000002   PAD
    0x08006fd0   0x08006fd0   0x00000026   Code   RO         5218    x$fpl$ffltu         fz_ws.l(fflt_clz.o)
    0x08006ff6   0x08006ff6   0x00000002   PAD
    0x08006ff8   0x08006ff8   0x00000068   Code   RO         5377    x$fpl$fleqf         fz_ws.l(fleqf.o)
    0x08007060   0x08007060   0x0000008c   Code   RO         5379    x$fpl$fnaninf       fz_ws.l(fnaninf.o)
    0x080070ec   0x080070ec   0x0000000a   Code   RO         5381    x$fpl$fretinf       fz_ws.l(fretinf.o)
    0x080070f6   0x080070f6   0x00000062   Code   RO         5224    x$fpl$frleqf        fz_ws.l(frleqf.o)
    0x08007158   0x08007158   0x00000006   Code   RO         5490    x$fpl$ieeestatus    fz_ws.l(istatus.o)
    0x0800715e   0x0800715e   0x00000004   Code   RO         5226    x$fpl$printf1       fz_ws.l(printf1.o)
    0x08007162   0x08007162   0x00000004   Code   RO         5383    x$fpl$printf2       fz_ws.l(printf2.o)
    0x08007166   0x08007166   0x00000064   Code   RO         5636    x$fpl$retnan        fz_ws.l(retnan.o)
    0x080071ca   0x080071ca   0x0000005c   Code   RO         5575    x$fpl$scalbn        fz_ws.l(scalbn.o)
    0x08007226   0x08007226   0x00000004   Code   RO         5228    x$fpl$scanf1        fz_ws.l(scanf1.o)
    0x0800722a   0x0800722a   0x00000008   Code   RO         5492    x$fpl$scanf2        fz_ws.l(scanf2.o)
    0x08007232   0x08007232   0x00000030   Code   RO         5638    x$fpl$trapveneer    fz_ws.l(trapv.o)
    0x08007262   0x08007262   0x00000000   Code   RO         5389    x$fpl$usenofp       fz_ws.l(usenofp.o)
    0x08007262   0x08007262   0x0000001f   Data   RO            4    .constdata          main.o
    0x08007281   0x08007281   0x00000be0   Data   RO         3589    .constdata          oled.o
    0x08007e61   0x08007e61   0x00000028   Data   RO         5124    .constdata          c_w.l(_printf_hex_int_ll_ptr.o)
    0x08007e89   0x08007e89   0x00000011   Data   RO         5144    .constdata          c_w.l(__printf_flags_ss_wp.o)
    0x08007e9a   0x08007e9a   0x00000002   PAD
    0x08007e9c   0x08007e9c   0x00000008   Data   RO         5286    .constdata          c_w.l(_printf_wctomb.o)
    0x08007ea4   0x08007ea4   0x00000026   Data   RO         5428    .constdata          c_w.l(_printf_fp_hex.o)
    0x08007eca   0x08007eca   0x00000002   PAD
    0x08007ecc   0x08007ecc   0x00000094   Data   RO         5441    .constdata          c_w.l(bigflt0.o)
    0x08007f60   0x08007f60   0x0000001f   Data   RO            5    .conststring        main.o
    0x08007f7f   0x08007f7f   0x00000001   PAD
    0x08007f80   0x08007f80   0x00000048   Data   RO         3992    .conststring        esp8266.o
    0x08007fc8   0x08007fc8   0x00000092   Data   RO         4976    .conststring        onenet.o
    0x0800805a   0x0800805a   0x00000002   PAD
    0x0800805c   0x0800805c   0x00000020   Data   RO         5640    Region$$Table       anon$$obj.o
    0x0800807c   0x0800807c   0x00000008   Data   RO         5484    c$$dinf             fz_ws.l(fpconst.o)
    0x08008084   0x08008084   0x00000008   Data   RO         5487    c$$dmax             fz_ws.l(fpconst.o)
    0x0800808c   0x0800808c   0x00000110   Data   RO         5467    locale$$data        c_w.l(lc_ctype_c.o)
    0x0800819c   0x0800819c   0x0000001c   Data   RO         5470    locale$$data        c_w.l(lc_numeric_c.o)


    Execution Region RW_IRAM1 (Exec base: 0x20000000, Load base: 0x080081b8, Size: 0x000011b0, Max: 0x00005000, ABSOLUTE, COMPRESSED[0x000003fc])

    Exec Addr    Load Addr    Size         Type   Attr      Idx    E Section Name        Object

    0x20000000   COMPRESSED   0x0000000d   Data   RW            6    .data               main.o
    0x2000000d   COMPRESSED   0x00000014   Data   RW         1875    .data               stm32f10x_rcc.o
    0x20000021   COMPRESSED   0x00000001   PAD
    0x20000022   COMPRESSED   0x00000004   Data   RW         3273    .data               delay.o
    0x20000026   COMPRESSED   0x00000001   Data   RW         3471    .data               key.o
    0x20000027   COMPRESSED   0x00000880   Data   RW         3590    .data               oled.o
    0x200008a7   COMPRESSED   0x00000001   PAD
    0x200008a8   COMPRESSED   0x00000004   Data   RW         3993    .data               esp8266.o
    0x200008ac   COMPRESSED   0x00000014   Data   RW         4228    .data               cjson.o
    0x200008c0   COMPRESSED   0x0000000a   Data   RW         4977    .data               onenet.o
    0x200008ca   COMPRESSED   0x00000002   PAD
    0x200008cc        -       0x00000200   Zero   RW            3    .bss                main.o
    0x20000acc        -       0x00000080   Zero   RW         3991    .bss                esp8266.o
    0x20000b4c        -       0x00000060   Zero   RW         5393    .bss                c_w.l(libspace.o)
    0x20000bac   COMPRESSED   0x00000004   PAD
    0x20000bb0        -       0x00000200   Zero   RW          160    HEAP                startup_stm32f10x_md.o
    0x20000db0        -       0x00000400   Zero   RW          159    STACK               startup_stm32f10x_md.o


==============================================================================

Image component sizes


      Code (inc. data)   RO Data    RW Data    ZI Data      Debug   Object Name

       128         22          0          0          0       1669   beep.o
       786         98          0          0          0       5000   bh1750.o
      2686         70          0         20          0      16801   cjson.o
       198         14          0          4          0       2076   delay.o
       450         40          0          0          0       4403   dht11.o
       900        316         72          4        128       4875   esp8266.o
       160         10          0          0          0       1009   fire.o
       224         24          0          1          0       1058   key.o
       120         18          0          0          0       1668   led.o
       740        176         62         13        512     235432   main.o
       132         22          0          0          0       2999   misc.o
      2672         26          0          0          0      16512   mqttkit.o
      1218         44       3040       2176          0      10163   oled.o
      1856        872        146         10          0       7123   onenet.o
        64         26        236          0       1536        800   startup_stm32f10x_md.o
       200         18          0          0          0       4008   stm32f10x_exti.o
       540         10          0          0          0      14133   stm32f10x_gpio.o
        26          0          0          0          0       3586   stm32f10x_it.o
       276         32          0         20          0      12874   stm32f10x_rcc.o
       450          6          0          0          0      11735   stm32f10x_usart.o
       328         28          0          0          0       1757   system_stm32f10x.o
       502         22          0          0          0       4415   usart.o

    ----------------------------------------------------------------------
     14694       1894       3591       2252       2176     364096   Object Totals
         0          0         32          0          0          0   (incl. Generated)
        38          0          3          4          0          0   (incl. Padding)

    ----------------------------------------------------------------------

      Code (inc. data)   RO Data    RW Data    ZI Data      Debug   Library Member Name

        44          6          0          0          0         84   __2sprintf.o
       100          0          0          0          0          0   __dclz77c.o
         8          0          0          0          0         68   __main.o
       392          4         17          0          0         92   __printf_flags_ss_wp.o
        14          0          0          0          0         68   __printf_wp.o
         0          0          0          0          0          0   __rtentry.o
        12          0          0          0          0          0   __rtentry2.o
         6          0          0          0          0          0   __rtentry4.o
        52          8          0          0          0          0   __scatter.o
        28          0          0          0          0          0   __scatter_zi.o
        28          0          0          0          0         68   _chval.o
         6          0          0          0          0          0   _printf_a.o
         6          0          0          0          0          0   _printf_c.o
        44          0          0          0          0        108   _printf_char.o
        48          6          0          0          0         96   _printf_char_common.o
        40          0          0          0          0         68   _printf_charcount.o
         6          0          0          0          0          0   _printf_d.o
       120         16          0          0          0         92   _printf_dec.o
         6          0          0          0          0          0   _printf_e.o
         6          0          0          0          0          0   _printf_f.o
      1054          0          0          0          0        216   _printf_fp_dec.o
       764          8         38          0          0        100   _printf_fp_hex.o
       128         16          0          0          0         84   _printf_fp_infnan.o
         6          0          0          0          0          0   _printf_g.o
       148          4         40          0          0        160   _printf_hex_int_ll_ptr.o
         6          0          0          0          0          0   _printf_i.o
       178          0          0          0          0         88   _printf_intcommon.o
        10          0          0          0          0          0   _printf_l.o
         6          0          0          0          0          0   _printf_lc.o
        10          0          0          0          0          0   _printf_ll.o
         6          0          0          0          0          0   _printf_lld.o
         6          0          0          0          0          0   _printf_lli.o
         6          0          0          0          0          0   _printf_llo.o
         6          0          0          0          0          0   _printf_llu.o
         6          0          0          0          0          0   _printf_llx.o
       124         16          0          0          0         92   _printf_longlong_dec.o
         6          0          0          0          0          0   _printf_ls.o
         6          0          0          0          0          0   _printf_n.o
         6          0          0          0          0          0   _printf_o.o
       112         10          0          0          0        124   _printf_oct_int_ll.o
         6          0          0          0          0          0   _printf_p.o
        78          0          0          0          0        108   _printf_pad.o
         0          0          0          0          0          0   _printf_percent.o
         4          0          0          0          0          0   _printf_percent_end.o
         6          0          0          0          0          0   _printf_s.o
        82          0          0          0          0         80   _printf_str.o
        36          0          0          0          0         84   _printf_truncate.o
         6          0          0          0          0          0   _printf_u.o
        44          0          0          0          0        108   _printf_wchar.o
       188          6          8          0          0         92   _printf_wctomb.o
         6          0          0          0          0          0   _printf_x.o
        22          0          0          0          0        100   _rserrno.o
        64          0          0          0          0         84   _sgetc.o
        16          0          0          0          0         68   _snputc.o
        10          0          0          0          0         68   _sputc.o
       158          0          0          0          0         92   _strtoul.o
        64          0          0          0          0         92   _wcrtomb.o
        26          0          0          0          0         80   atoi.o
       228          4        148          0          0         96   bigflt0.o
      2152        136          0          0          0        960   btod.o
        10          0          0          0          0         68   defsig_exit.o
        50          0          0          0          0         88   defsig_general.o
        80         58          0          0          0         76   defsig_rtmem_inner.o
        14          0          0          0          0         80   defsig_rtmem_outer.o
        18          0          0          0          0         80   exit.o
        94          0          0          0          0         80   h1_alloc.o
        52          0          0          0          0         68   h1_extend.o
        78          0          0          0          0         80   h1_free.o
        14          0          0          0          0         84   h1_init.o
       184          0          0          0          0         92   h1_realloc.o
         6          0          0          0          0        152   heapauxi.o
         4          0          0          0          0        136   hguard.o
         0          0          0          0          0          0   indicate_semi.o
       138          0          0          0          0        168   init_alloc.o
        18          0          0          0          0         76   isspace.o
        44         10        272          0          0         76   lc_ctype_c.o
        44         10         28          0          0         76   lc_numeric_c.o
         2          0          0          0          0          0   libinit.o
        38          0          0          0          0          0   libinit2.o
         2          0          0          0          0          0   libshutdown.o
         2          0          0          0          0          0   libshutdown2.o
         8          4          0          0         96         68   libspace.o
        38          0          0          0          0         68   llshl.o
       138          0          0          0          0         80   lludiv10.o
         0          0          0          0          0          0   maybetermalloc1.o
        16          4          0          0          0         76   rt_ctype_table.o
         8          4          0          0          0         68   rt_errno_addr_intlibspace.o
         8          4          0          0          0         68   rt_heap_descriptor_intlibspace.o
         8          4          0          0          0         68   rt_locale_intlibspace.o
        68          0          0          0          0         68   rt_memclr.o
        78          0          0          0          0         80   rt_memclr_w.o
       138          0          0          0          0         68   rt_memcpy_v6.o
       100          0          0          0          0         80   rt_memcpy_w.o
         2          0          0          0          0          0   rtexit.o
        10          0          0          0          0          0   rtexit2.o
      1272         16          0          0          0        168   scanf_fp.o
       800         14          0          0          0        100   scanf_hexfp.o
       308         16          0          0          0        100   scanf_infnan.o
        20          0          0          0          0         68   strchr.o
       128          0          0          0          0         68   strcmpv7m.o
        62          0          0          0          0         76   strlen.o
        36          0          0          0          0         76   strncat.o
       150          0          0          0          0         80   strncmp.o
        36          0          0          0          0         80   strstr.o
       164         14          0          0          0        120   strtod.o
       112          0          0          0          0         88   strtol.o
        12          4          0          0          0         68   sys_exit.o
        74          0          0          0          0         80   sys_stackheap_outer.o
        14          0          0          0          0         76   sys_wrch.o
        26          0          0          0          0         76   tolower.o
         2          0          0          0          0         68   use_no_semi.o
        52          4          0          0          0         80   vsnprintf.o
        98          4          0          0          0         92   d2f.o
        16          4          0          0          0         68   dcheck1.o
        24          0          0          0          0         68   dcmpi.o
       688        140          0          0          0        208   ddiv.o
       120          4          0          0          0         92   deqf.o
        94          4          0          0          0         92   dfix.o
       120          4          0          0          0         92   dleqf.o
       156          4          0          0          0         92   dnaninf.o
        12          0          0          0          0         68   dretinf.o
       108          0          0          0          0         80   drleqf.o
        86          4          0          0          0         84   f2d.o
        24          0          0          0          0         68   fcmpi.o
        62          4          0          0          0         84   ffixu.o
        38          0          0          0          0         68   fflt_clz.o
       104          4          0          0          0         84   fleqf.o
       140          4          0          0          0         84   fnaninf.o
         0          0         16          0          0          0   fpconst.o
        10          0          0          0          0         68   fretinf.o
        98          0          0          0          0         68   frleqf.o
         6          0          0          0          0         68   istatus.o
         4          0          0          0          0         68   printf1.o
         4          0          0          0          0         68   printf2.o
       100          0          0          0          0         68   retnan.o
        92          0          0          0          0         68   scalbn.o
         4          0          0          0          0         68   scanf1.o
         8          0          0          0          0         84   scanf2.o
        48          0          0          0          0         68   trapv.o
         0          0          0          0          0          0   usenofp.o
        30          6          0          0          0        136   dunder.o
        40          0          0          0          0         68   fpclassify.o
        88          8          0          0          0         76   frexp.o
       138          0          0          0          0        160   ldexp.o
       204          4          0          0          0        168   narrow.o
        28          0          0          0          0         80   strtod.o

    ----------------------------------------------------------------------
     14352        606        571          0        100      10272   Library Totals
        24          2          4          0          4          0   (incl. Padding)

    ----------------------------------------------------------------------

      Code (inc. data)   RO Data    RW Data    ZI Data      Debug   Library Name

     11536        406        551          0         96       7464   c_w.l
      2264        180         16          0          0       2120   fz_ws.l
       528         18          0          0          0        688   m_ws.l

    ----------------------------------------------------------------------
     14352        606        571          0        100      10272   Library Totals

    ----------------------------------------------------------------------

==============================================================================


      Code (inc. data)   RO Data    RW Data    ZI Data      Debug   

     29046       2500       4162       2252       2276     361104   Grand Totals
     29046       2500       4162       1020       2276     361104   ELF Image Totals (compressed)
     29046       2500       4162       1020          0          0   ROM Totals

==============================================================================

    Total RO  Size (Code + RO Data)                33208 (  32.43kB)
    Total RW  Size (RW Data + ZI Data)              4528 (   4.42kB)
    Total ROM Size (Code + RO Data + RW Data)      34228 (  33.43kB)

==============================================================================

